Component: ARM Compiler 5.06 update 1 (build 61) Tool: armlink [4d35a8]

==============================================================================

Section Cross References

    main.o(i.AcquireMutex) refers to rtx_mutex.o(.text.osMutexAcquire) for osMutexAcquire
    main.o(i.AcquireMutex) refers to printfa.o(i.__0printf) for __2printf
    main.o(i.CreateMutex) refers to rtx_mutex.o(.text.osMutexNew) for osMutexNew
    main.o(i.CreateMutex) refers to printfa.o(i.__0printf) for __2printf
    main.o(i.Init_MemPool) refers to rtx_mempool.o(.text.osMemoryPoolNew) for osMemoryPoolNew
    main.o(i.Init_MemPool) refers to printfa.o(i.__0printf) for __2printf
    main.o(i.Init_MemPool) refers to rtx_mempool.o(.text.osMemoryPoolGetName) for osMemoryPoolGetName
    main.o(i.Init_MemPool) refers to rtx_mempool.o(.text.osMemoryPoolGetSpace) for osMemoryPoolGetSpace
    main.o(i.Init_MemPool) refers to rtx_mempool.o(.text.osMemoryPoolGetCount) for osMemoryPoolGetCount
    main.o(i.Init_MemPool) refers to rtx_mempool.o(.text.osMemoryPoolGetBlockSize) for osMemoryPoolGetBlockSize
    main.o(i.Init_MemPool) refers to rtx_mempool.o(.text.osMemoryPoolGetCapacity) for osMemoryPoolGetCapacity
    main.o(i.Init_MemPool) refers to main.o(.data) for mpid_MemPool
    main.o(i.Init_MemPool) refers to main.o(.conststring) for .conststring
    main.o(i.ReleaseMutex) refers to rtx_mutex.o(.text.osMutexRelease) for osMutexRelease
    main.o(i.ReleaseMutex) refers to printfa.o(i.__0printf) for __2printf
    main.o(i.STM3F10X_NVIC_Configuration) refers to misc.o(i.NVIC_PriorityGroupConfig) for NVIC_PriorityGroupConfig
    main.o(i.STM3F10X_NVIC_Configuration) refers to misc.o(i.NVIC_Init) for NVIC_Init
    main.o(i.app_main) refers to memseta.o(.text) for __aeabi_memclr4
    main.o(i.app_main) refers to rtx_kernel.o(.text.osKernelGetInfo) for osKernelGetInfo
    main.o(i.app_main) refers to printfa.o(i.__0printf) for __2printf
    main.o(i.app_main) refers to rtx_kernel.o(.text.osKernelGetSysTimerCount) for osKernelGetSysTimerCount
    main.o(i.app_main) refers to rtx_kernel.o(.text.osKernelGetSysTimerFreq) for osKernelGetSysTimerFreq
    main.o(i.app_main) refers to rtx_kernel.o(.text.osKernelGetTickCount) for osKernelGetTickCount
    main.o(i.app_main) refers to rtx_kernel.o(.text.osKernelGetTickFreq) for osKernelGetTickFreq
    main.o(i.app_main) refers to main.o(i.Init_MemPool) for Init_MemPool
    main.o(i.app_main) refers to main.o(i.init_message_queue) for init_message_queue
    main.o(i.app_main) refers to rtx_evflags.o(.text.osEventFlagsNew) for osEventFlagsNew
    main.o(i.app_main) refers to rtx_evflags.o(.text.osEventFlagsGetName) for osEventFlagsGetName
    main.o(i.app_main) refers to rtx_evflags.o(.text.osEventFlagsGet) for osEventFlagsGet
    main.o(i.app_main) refers to rtx_delay.o(.text.osDelay) for osDelay
    main.o(i.app_main) refers to rtx_kernel.o(.text.osKernelLock) for osKernelLock
    main.o(i.app_main) refers to rtx_thread.o(.text.osThreadNew) for osThreadNew
    main.o(i.app_main) refers to rtx_kernel.o(.text.osKernelRestoreLock) for osKernelRestoreLock
    main.o(i.app_main) refers to main.o(.data) for os_event_flag_uart1
    main.o(i.app_main) refers to main.o(.constdata) for thread1_attr
    main.o(i.app_main) refers to main.o(i.thread_main_cb) for thread_main_cb
    main.o(i.app_main) refers to main.o(i.thread_uart_cb) for thread_uart_cb
    main.o(i.app_main) refers to main.o(i.thread_app_cb) for thread_app_cb
    main.o(i.assert_failed) refers to st_printf.o(i.uart_printf) for uart_printf
    main.o(i.dump_app_info) refers to printfa.o(i.__0printf) for __2printf
    main.o(i.dump_app_info) refers to main.o(i.get_text_size) for get_text_size
    main.o(i.dump_app_info) refers to main.o(i.get_text_end) for get_text_end
    main.o(i.dump_app_info) refers to main.o(i.get_text_start) for get_text_start
    main.o(i.dump_app_info) refers to main.o(i.get_ram_size) for get_ram_size
    main.o(i.dump_app_info) refers to main.o(i.get_ram_end) for get_ram_end
    main.o(i.dump_app_info) refers to main.o(i.get_ram_start) for get_ram_start
    main.o(i.dump_app_info) refers to main.o(i.get_data_size) for get_data_size
    main.o(i.dump_app_info) refers to main.o(i.get_data_end) for get_data_end
    main.o(i.dump_app_info) refers to main.o(i.get_data_start) for get_data_start
    main.o(i.dump_app_info) refers to main.o(i.get_rwdata_size) for get_rwdata_size
    main.o(i.dump_app_info) refers to main.o(i.get_rwdata_end) for get_rwdata_end
    main.o(i.dump_app_info) refers to main.o(i.get_rwdata_start) for get_rwdata_start
    main.o(i.dump_app_info) refers to main.o(i.get_bss_size) for get_bss_size
    main.o(i.dump_app_info) refers to main.o(i.get_bss_end) for get_bss_end
    main.o(i.dump_app_info) refers to main.o(i.get_bss_start) for get_bss_start
    main.o(i.dump_app_info) refers to main.o(i.get_heap_size) for get_heap_size
[...]
    g_imei                                   0x2000c032   Data          16  app4g.o(.bss)
    g_imsi                                   0x2000c042   Data          16  app4g.o(.bss)
    at_tx_buffer                             0x2000c052   Data         600  app4g.o(.bss)
    at_rx_buffer                             0x2000c2aa   Data         320  app4g.o(.bss)
    cur_rs485_broker_Info                    0x2000c3ea   Data          60  app_rs485_broker.o(.bss)
    charge_Info                              0x2000c438   Data         624  cjson_middleware.o(.bss)
    updata_path                              0x2000c6a8   Data         200  cjson_middleware.o(.bss)
    sub_topics                               0x2000c770   Data         150  mqtt_app.o(.bss)
    pub_topics                               0x2000c806   Data         250  mqtt_app.o(.bss)
    client_id                                0x2000c900   Data          16  mqtt_app.o(.bss)
    mqtt_core_buff                           0x2000c910   Data        1400  mqtt_app.o(.bss)
    mqtt_user_buff                           0x2000ce88   Data        1000  mqtt_app.o(.bss)
    DianChuanTxFrame                         0x2000d270   Data         110  dianchuan.o(.bss)
    DianChuanRxFrame                         0x2000d2de   Data         110  dianchuan.o(.bss)
    data_temp                                0x2000d34c   Data         100  dianchuan.o(.bss)
    __heap_base                              0x2000d3f8   Data           0  startup_stm32f10x_hd.o(HEAP)
    __heap_limit                             0x2000f3f8   Data           0  startup_stm32f10x_hd.o(HEAP)
    Image$$RW_IRAM1$$ZI$$Limit               0x2000f9f8   Number         0  anon$$obj.o ABSOLUTE
    __initial_sp                             0x2000f9f8   Data           0  startup_stm32f10x_hd.o(STACK)



==============================================================================

Memory Map of the image

  Image Entry point : 0x08020131

  Load Region LR_IROM1 (Base: 0x08020000, Size: 0x00020794, Max: 0x00040000, ABSOLUTE, COMPRESSED[0x0001eabc])

    Execution Region ER_IROM1 (Base: 0x08020000, Size: 0x0001e964, Max: 0x00040000, ABSOLUTE)

    Base Addr    Size         Type   Attr      Idx    E Section Name        Object

    0x08020000   0x00000130   Data   RO         8183    RESET               startup_stm32f10x_hd.o
    0x08020130   0x00000000   Code   RO         8778  * .ARM.Collect$$$$00000000  mc_w.l(entry.o)
    0x08020130   0x00000004   Code   RO         9145    .ARM.Collect$$$$00000001  mc_w.l(entry2.o)
    0x08020134   0x00000004   Code   RO         9148    .ARM.Collect$$$$00000004  mc_w.l(entry5.o)
    0x08020138   0x00000000   Code   RO         9150    .ARM.Collect$$$$00000008  mc_w.l(entry7b.o)
    0x08020138   0x00000000   Code   RO         9152    .ARM.Collect$$$$0000000A  mc_w.l(entry8b.o)
    0x08020138   0x00000008   Code   RO         9153    .ARM.Collect$$$$0000000B  mc_w.l(entry9a.o)
    0x08020140   0x00000000   Code   RO         9155    .ARM.Collect$$$$0000000D  mc_w.l(entry10a.o)
    0x08020140   0x00000000   Code   RO         9157    .ARM.Collect$$$$0000000F  mc_w.l(entry11a.o)
    0x08020140   0x00000004   Code   RO         9146    .ARM.Collect$$$$00002712  mc_w.l(entry2.o)
    0x08020144   0x00000024   Code   RO         8184    .text               startup_stm32f10x_hd.o
    0x08020168   0x00000094   Code   RO         8671    .text               RTX_CM3.lib(irq_cm3.o)
    0x080201fc   0x0000000c   Code   RO         8781    .text               mc_w.l(tolower.o)
    0x08020208   0x000000a8   Code   RO         8787    .text               mc_w.l(mktime.o)
    0x080202b0   0x0000000e   Code   RO         8790    .text               mc_w.l(ctime.o)
    0x080202be   0x00000024   Code   RO         8792    .text               mc_w.l(memcpya.o)
    0x080202e2   0x00000024   Code   RO         8794    .text               mc_w.l(memseta.o)
    0x08020306   0x00000024   Code   RO         8796    .text               mc_w.l(strstr.o)
    0x0802032a   0x00000014   Code   RO         8798    .text               mc_w.l(strchr.o)
    0x0802033e   0x0000000e   Code   RO         8800    .text               mc_w.l(strlen.o)
    0x0802034c   0x0000001c   Code   RO         8802    .text               mc_w.l(strcmp.o)
    0x08020368   0x0000001a   Code   RO         8804    .text               mc_w.l(memcmp.o)
    0x08020382   0x00000012   Code   RO         8806    .text               mc_w.l(strcpy.o)
    0x08020394   0x0000001e   Code   RO         8808    .text               mc_w.l(strncmp.o)
    0x080203b2   0x00000020   Code   RO         8810    .text               mc_w.l(strrchr.o)
    0x080203d2   0x00000002   PAD
    0x080203d4   0x00000038   Code   RO         9103    .text               mc_w.l(__0sscanf.o)
    0x0802040c   0x00000338   Code   RO         9105    .text               mc_w.l(scanf_fp.o)
    0x08020744   0x0000001a   Code   RO         9109    .text               mc_w.l(atoi.o)
    0x0802075e   0x0000007c   Code   RO         9111    .text               mf_w.l(fdiv.o)
    0x080207da   0x0000014e   Code   RO         9113    .text               mf_w.l(dadd.o)
    0x08020928   0x000000e4   Code   RO         9115    .text               mf_w.l(dmul.o)
    0x08020a0c   0x000000de   Code   RO         9117    .text               mf_w.l(ddiv.o)
    0x08020aea   0x00000012   Code   RO         9119    .text               mf_w.l(fflti.o)
    0x08020afc   0x0000000a   Code   RO         9121    .text               mf_w.l(ffltui.o)
    0x08020b06   0x00000022   Code   RO         9123    .text               mf_w.l(dflti.o)
    0x08020b28   0x0000001a   Code   RO         9125    .text               mf_w.l(dfltui.o)
    0x08020b42   0x00000032   Code   RO         9127    .text               mf_w.l(ffixi.o)
    0x08020b74   0x0000003e   Code   RO         9129    .text               mf_w.l(dfixi.o)
    0x08020bb2   0x00000032   Code   RO         9131    .text               mf_w.l(dfixui.o)
    0x08020be4   0x00000030   Code   RO         9133    .text               mf_w.l(dfixul.o)
    0x08020c14   0x00000026   Code   RO         9135    .text               mf_w.l(f2d.o)
    0x08020c3a   0x00000002   PAD
    0x08020c3c   0x00000030   Code   RO         9137    .text               mf_w.l(cdcmple.o)
    0x08020c6c   0x00000030   Code   RO         9139    .text               mf_w.l(cdrcmple.o)
    0x08020c9c   0x00000038   Code   RO         9141    .text               mf_w.l(d2f.o)
    0x08020cd4   0x00000014   Code   RO         9143    .text               mf_w.l(cfrcmple.o)
    0x08020ce8   0x0000002c   Code   RO         9160    .text               mc_w.l(uidiv.o)
    0x08020d14   0x00000062   Code   RO         9162    .text               mc_w.l(uldiv.o)
    0x08020d76   0x0000001e   Code   RO         9164    .text               mc_w.l(llshl.o)
    0x08020d94   0x00000020   Code   RO         9166    .text               mc_w.l(llushr.o)
    0x08020db4   0x00000024   Code   RO         9168    .text               mc_w.l(llsshr.o)
    0x08020dd8   0x0000000c   Code   RO         9170    .text               mc_w.l(localtime_w.o)
    0x08020de4   0x0000008c   Code   RO         9173    .text               mc_w.l(localtime_i.o)
    0x08020e70   0x000000bc   Code   RO         9176    .text               mc_w.l(asctime.o)
    0x08020f2c   0x00000028   Code   RO         9189    .text               mc_w.l(scanf_char.o)
    0x08020f54   0x00000040   Code   RO         9191    .text               mc_w.l(_sgetc.o)
    0x08020f94   0x0000009c   Code   RO         9193    .text               mc_w.l(strtod.o)
    0x08021030   0x00000070   Code   RO         9195    .text               mc_w.l(strtol.o)
    0x080210a0   0x00000000   Code   RO         9197    .text               mc_w.l(iusefp.o)
    0x080210a0   0x0000006e   Code   RO         9198    .text               mf_w.l(fepilogue.o)
    0x0802110e   0x000000ba   Code   RO         9200    .text               mf_w.l(depilogue.o)
    0x080211c8   0x00000018   Code   RO         9202    .text               mf_w.l(dfltul.o)
    0x080211e0   0x00000024   Code   RO         9204    .text               mc_w.l(init.o)
    0x08021204   0x00000008   Code   RO         9208    .text               mc_w.l(ctype_o.o)
    0x0802120c   0x00000012   Code   RO         9230    .text               mc_w.l(isspace_o.o)
    0x0802121e   0x00000002   PAD
    0x08021220   0x0000032c   Code   RO         9236    .text               mc_w.l(_scanf.o)
    0x0802154c   0x0000009e   Code   RO         9238    .text               mc_w.l(_strtoul.o)
    0x080215ea   0x0000001c   Code   RO         9243    .text               mc_w.l(_chval.o)
    0x08021606   0x00000056   Code   RO         9253    .text               mc_w.l(__dczerorl2.o)
    0x0802165c   0x0000006c   Code   RO         8472    .text.EventFlagsCheck  RTX_CM3.lib(rtx_evflags.o)
    0x080216c8   0x00000044   Code   RO         8654    .text.MessageQueueGet  RTX_CM3.lib(rtx_msgqueue.o)
    0x0802170c   0x00000062   Code   RO         8648    .text.MessageQueuePut  RTX_CM3.lib(rtx_msgqueue.o)
    0x0802176e   0x0000001c   Code   RO         8646    .text.MessageQueueRemove  RTX_CM3.lib(rtx_msgqueue.o)
    0x0802178a   0x00000002   PAD
    0x0802178c   0x0000000c   Code   RO         8753    .text.OS_Tick_AcknowledgeIRQ  RTX_CM3.lib(os_systick.o)
    0x08021798   0x0000002c   Code   RO         8749    .text.OS_Tick_Enable  RTX_CM3.lib(os_systick.o)
    0x080217c4   0x0000000c   Code   RO         8757    .text.OS_Tick_GetClock  RTX_CM3.lib(os_systick.o)
    0x080217d0   0x00000010   Code   RO         8761    .text.OS_Tick_GetCount  RTX_CM3.lib(os_systick.o)
    0x080217e0   0x00000006   Code   RO         8755    .text.OS_Tick_GetIRQn  RTX_CM3.lib(os_systick.o)
    0x080217e6   0x00000002   PAD
    0x080217e8   0x0000000c   Code   RO         8759    .text.OS_Tick_GetInterval  RTX_CM3.lib(os_systick.o)
    0x080217f4   0x00000010   Code   RO         8763    .text.OS_Tick_GetOverflow  RTX_CM3.lib(os_systick.o)
    0x08021804   0x00000040   Code   RO         8747    .text.OS_Tick_Setup  RTX_CM3.lib(os_systick.o)
    0x08021844   0x0000006c   Code   RO         8380    .text.ThreadFlagsCheck  RTX_CM3.lib(rtx_thread.o)
    0x080218b0   0x00000050   Code   RO         8692    .text.TimerInsert   RTX_CM3.lib(rtx_timer.o)
    0x08021900   0x00000024   Code   RO         8433    .text.osDelay       RTX_CM3.lib(rtx_delay.o)
    0x08021924   0x00000030   Code   RO         8460    .text.osEventFlagsGet  RTX_CM3.lib(rtx_evflags.o)
    0x08021954   0x00000024   Code   RO         8452    .text.osEventFlagsGetName  RTX_CM3.lib(rtx_evflags.o)
    0x08021978   0x00000024   Code   RO         8450    .text.osEventFlagsNew  RTX_CM3.lib(rtx_evflags.o)
    0x0802199c   0x0000004c   Code   RO         8454    .text.osEventFlagsSet  RTX_CM3.lib(rtx_evflags.o)
    0x080219e8   0x00000054   Code   RO         8464    .text.osEventFlagsWait  RTX_CM3.lib(rtx_evflags.o)
    0x08021a3c   0x00000030   Code   RO         8239    .text.osKernelGetInfo  RTX_CM3.lib(rtx_kernel.o)
    0x08021a6c   0x00000030   Code   RO         8243    .text.osKernelGetState  RTX_CM3.lib(rtx_kernel.o)
    0x08021a9c   0x00000024   Code   RO         8267    .text.osKernelGetSysTimerCount  RTX_CM3.lib(rtx_kernel.o)
    0x08021ac0   0x00000024   Code   RO         8271    .text.osKernelGetSysTimerFreq  RTX_CM3.lib(rtx_kernel.o)
    0x08021ae4   0x00000028   Code   RO         8259    .text.osKernelGetTickCount  RTX_CM3.lib(rtx_kernel.o)
    0x08021b0c   0x00000028   Code   RO         8263    .text.osKernelGetTickFreq  RTX_CM3.lib(rtx_kernel.o)
    0x08021b34   0x0000002c   Code   RO         8237    .text.osKernelInitialize  RTX_CM3.lib(rtx_kernel.o)
    0x08021b60   0x00000024   Code   RO         8249    .text.osKernelLock  RTX_CM3.lib(rtx_kernel.o)
    0x08021b84   0x00000024   Code   RO         8253    .text.osKernelRestoreLock  RTX_CM3.lib(rtx_kernel.o)
    0x08021ba8   0x00000024   Code   RO         8247    .text.osKernelStart  RTX_CM3.lib(rtx_kernel.o)
    0x08021bcc   0x00000030   Code   RO         8579    .text.osMemoryPoolGetBlockSize  RTX_CM3.lib(rtx_mempool.o)
    0x08021bfc   0x00000030   Code   RO         8575    .text.osMemoryPoolGetCapacity  RTX_CM3.lib(rtx_mempool.o)
    0x08021c2c   0x00000030   Code   RO         8583    .text.osMemoryPoolGetCount  RTX_CM3.lib(rtx_mempool.o)
    0x08021c5c   0x00000024   Code   RO         8569    .text.osMemoryPoolGetName  RTX_CM3.lib(rtx_mempool.o)
    0x08021c80   0x00000024   Code   RO         8587    .text.osMemoryPoolGetSpace  RTX_CM3.lib(rtx_mempool.o)
    0x08021ca4   0x00000024   Code   RO         8567    .text.osMemoryPoolNew  RTX_CM3.lib(rtx_mempool.o)
    0x08021cc8   0x0000006c   Code   RO         8620    .text.osMessageQueueGet  RTX_CM3.lib(rtx_msgqueue.o)
    0x08021d34   0x00000030   Code   RO         8622    .text.osMessageQueueGetCapacity  RTX_CM3.lib(rtx_msgqueue.o)
    0x08021d64   0x00000030   Code   RO         8630    .text.osMessageQueueGetCount  RTX_CM3.lib(rtx_msgqueue.o)
    0x08021d94   0x00000030   Code   RO         8626    .text.osMessageQueueGetMsgSize  RTX_CM3.lib(rtx_msgqueue.o)
    0x08021dc4   0x00000024   Code   RO         8616    .text.osMessageQueueGetName  RTX_CM3.lib(rtx_msgqueue.o)
    0x08021de8   0x00000024   Code   RO         8634    .text.osMessageQueueGetSpace  RTX_CM3.lib(rtx_msgqueue.o)
    0x08021e0c   0x00000024   Code   RO         8614    .text.osMessageQueueNew  RTX_CM3.lib(rtx_msgqueue.o)
    0x08021e30   0x00000078   Code   RO         8618    .text.osMessageQueuePut  RTX_CM3.lib(rtx_msgqueue.o)
    0x08021ea8   0x00000024   Code   RO         8495    .text.osMutexGetName  RTX_CM3.lib(rtx_mutex.o)
    0x08021ecc   0x00000024   Code   RO         8501    .text.osMutexGetOwner  RTX_CM3.lib(rtx_mutex.o)
    0x08021ef0   0x00000024   Code   RO         8493    .text.osMutexNew    RTX_CM3.lib(rtx_mutex.o)
    0x08021f14   0x00000032   Code   RO         8470    .text.osRtxEventFlagsPostProcess  RTX_CM3.lib(rtx_evflags.o)
    0x08021f46   0x00000002   Code   RO         8235    .text.osRtxKernelPreInit  RTX_CM3.lib(rtx_kernel.o)
    0x08021f48   0x0000007c   Code   RO         8719    .text.osRtxMemoryAlloc  RTX_CM3.lib(rtx_memory.o)
    0x08021fc4   0x00000052   Code   RO         8721    .text.osRtxMemoryFree  RTX_CM3.lib(rtx_memory.o)
    0x08022016   0x00000036   Code   RO         8717    .text.osRtxMemoryInit  RTX_CM3.lib(rtx_memory.o)
    0x0802204c   0x00000038   Code   RO         8563    .text.osRtxMemoryPoolAlloc  RTX_CM3.lib(rtx_mempool.o)
    0x08022084   0x00000048   Code   RO         8565    .text.osRtxMemoryPoolFree  RTX_CM3.lib(rtx_mempool.o)
    0x080220cc   0x00000054   Code   RO         8561    .text.osRtxMemoryPoolInit  RTX_CM3.lib(rtx_mempool.o)
    0x08022120   0x00000046   Code   RO         8595    .text.osRtxMemoryPoolPostProcess  RTX_CM3.lib(rtx_mempool.o)
    0x08022166   0x000000ba   Code   RO         8644    .text.osRtxMessageQueuePostProcess  RTX_CM3.lib(rtx_msgqueue.o)
    0x08022220   0x00000044   Code   RO         8491    .text.osRtxMutexOwnerRelease  RTX_CM3.lib(rtx_mutex.o)
    0x08022264   0x0000008c   Code   RO         8734    .text.osRtxPendSV_Handler  RTX_CM3.lib(rtx_system.o)
    0x080222f0   0x00000074   Code   RO         8736    .text.osRtxPostProcess  RTX_CM3.lib(rtx_system.o)
    0x08022364   0x00000036   Code   RO         8542    .text.osRtxSemaphorePostProcess  RTX_CM3.lib(rtx_semaphore.o)
    0x0802239a   0x00000002   PAD
    0x0802239c   0x00000038   Code   RO         8320    .text.osRtxThreadBlock  RTX_CM3.lib(rtx_thread.o)
    0x080223d4   0x00000088   Code   RO         8328    .text.osRtxThreadDelayInsert  RTX_CM3.lib(rtx_thread.o)
    0x0802245c   0x0000004c   Code   RO         8324    .text.osRtxThreadDelayRemove  RTX_CM3.lib(rtx_thread.o)
    0x080224a8   0x00000034   Code   RO         8310    .text.osRtxThreadDelayTick  RTX_CM3.lib(rtx_thread.o)
    0x080224dc   0x0000005c   Code   RO         8318    .text.osRtxThreadDispatch  RTX_CM3.lib(rtx_thread.o)
    0x08022538   0x00000054   Code   RO         8404    .text.osRtxThreadFree  RTX_CM3.lib(rtx_thread.o)
    0x0802258c   0x00000014   Code   RO         8302    .text.osRtxThreadListGet  RTX_CM3.lib(rtx_thread.o)
    0x080225a0   0x0000002a   Code   RO         8300    .text.osRtxThreadListPut  RTX_CM3.lib(rtx_thread.o)
    0x080225ca   0x00000014   Code   RO         8306    .text.osRtxThreadListRemove  RTX_CM3.lib(rtx_thread.o)
    0x080225de   0x0000002a   Code   RO         8378    .text.osRtxThreadPostProcess  RTX_CM3.lib(rtx_thread.o)
    0x08022608   0x00000014   Code   RO         8308    .text.osRtxThreadReadyPut  RTX_CM3.lib(rtx_thread.o)
    0x0802261c   0x00000006   Code   RO         8312    .text.osRtxThreadRegPtr  RTX_CM3.lib(rtx_thread.o)
    0x08022622   0x00000002   PAD
    0x08022624   0x00000028   Code   RO         8316    .text.osRtxThreadStackCheck  RTX_CM3.lib(rtx_thread.o)
    0x0802264c   0x00000040   Code   RO         8330    .text.osRtxThreadStartup  RTX_CM3.lib(rtx_thread.o)
    0x0802268c   0x00000010   Code   RO         8314    .text.osRtxThreadSwitch  RTX_CM3.lib(rtx_thread.o)
    0x0802269c   0x0000003c   Code   RO         8326    .text.osRtxThreadWaitEnter  RTX_CM3.lib(rtx_thread.o)
    0x080226d8   0x00000024   Code   RO         8322    .text.osRtxThreadWaitExit  RTX_CM3.lib(rtx_thread.o)
    0x080226fc   0x00000070   Code   RO         8732    .text.osRtxTick_Handler  RTX_CM3.lib(rtx_system.o)
    0x0802276c   0x0000003c   Code   RO         8676    .text.osRtxTimerThread  RTX_CM3.lib(rtx_timer.o)
    0x080227a8   0x00000058   Code   RO         8678    .text.osRtxTimerTick  RTX_CM3.lib(rtx_timer.o)
    0x08022800   0x00000030   Code   RO         8534    .text.osSemaphoreGetCount  RTX_CM3.lib(rtx_semaphore.o)
    0x08022830   0x00000024   Code   RO         8528    .text.osSemaphoreGetName  RTX_CM3.lib(rtx_semaphore.o)
    0x08022854   0x00000024   Code   RO         8526    .text.osSemaphoreNew  RTX_CM3.lib(rtx_semaphore.o)
    0x08022878   0x0000000c   Code   RO         8362    .text.osThreadExit  RTX_CM3.lib(rtx_thread.o)
    0x08022884   0x00000028   Code   RO         8338    .text.osThreadGetId  RTX_CM3.lib(rtx_thread.o)
    0x080228ac   0x00000024   Code   RO         8334    .text.osThreadNew   RTX_CM3.lib(rtx_thread.o)
    0x080228d0   0x00000014   Code   RO         8437    .text.svcRtxDelay   RTX_CM3.lib(rtx_delay.o)
    0x080228e4   0x00000010   Code   RO         8462    .text.svcRtxEventFlagsGet  RTX_CM3.lib(rtx_evflags.o)
    0x080228f4   0x00000010   Code   RO         8474    .text.svcRtxEventFlagsGetName  RTX_CM3.lib(rtx_evflags.o)
    0x08022904   0x0000006c   Code   RO         8468    .text.svcRtxEventFlagsNew  RTX_CM3.lib(rtx_evflags.o)
    0x08022970   0x00000084   Code   RO         8476    .text.svcRtxEventFlagsSet  RTX_CM3.lib(rtx_evflags.o)
    0x080229f4   0x0000005c   Code   RO         8478    .text.svcRtxEventFlagsWait  RTX_CM3.lib(rtx_evflags.o)
    0x08022a50   0x00000030   Code   RO         8241    .text.svcRtxKernelGetInfo  RTX_CM3.lib(rtx_kernel.o)
    0x08022a80   0x0000000c   Code   RO         8245    .text.svcRtxKernelGetState  RTX_CM3.lib(rtx_kernel.o)
    0x08022a8c   0x00000028   Code   RO         8269    .text.svcRtxKernelGetSysTimerCount  RTX_CM3.lib(rtx_kernel.o)
    0x08022ab4   0x00000004   Code   RO         8273    .text.svcRtxKernelGetSysTimerFreq  RTX_CM3.lib(rtx_kernel.o)
    0x08022ab8   0x0000000c   Code   RO         8261    .text.svcRtxKernelGetTickCount  RTX_CM3.lib(rtx_kernel.o)
    0x08022ac4   0x0000000c   Code   RO         8265    .text.svcRtxKernelGetTickFreq  RTX_CM3.lib(rtx_kernel.o)
    0x08022ad0   0x00000154   Code   RO         8275    .text.svcRtxKernelInitialize  RTX_CM3.lib(rtx_kernel.o)
    0x08022c24   0x00000020   Code   RO         8279    .text.svcRtxKernelLock  RTX_CM3.lib(rtx_kernel.o)
    0x08022c44   0x0000002c   Code   RO         8283    .text.svcRtxKernelRestoreLock  RTX_CM3.lib(rtx_kernel.o)
    0x08022c70   0x00000088   Code   RO         8277    .text.svcRtxKernelStart  RTX_CM3.lib(rtx_kernel.o)
    0x08022cf8   0x00000010   Code   RO         8581    .text.svcRtxMemoryPoolGetBlockSize  RTX_CM3.lib(rtx_mempool.o)
    0x08022d08   0x00000010   Code   RO         8577    .text.svcRtxMemoryPoolGetCapacity  RTX_CM3.lib(rtx_mempool.o)
    0x08022d18   0x00000010   Code   RO         8585    .text.svcRtxMemoryPoolGetCount  RTX_CM3.lib(rtx_mempool.o)
    0x08022d28   0x00000010   Code   RO         8597    .text.svcRtxMemoryPoolGetName  RTX_CM3.lib(rtx_mempool.o)
    0x08022d38   0x00000014   Code   RO         8589    .text.svcRtxMemoryPoolGetSpace  RTX_CM3.lib(rtx_mempool.o)
    0x08022d4c   0x00000148   Code   RO         8593    .text.svcRtxMemoryPoolNew  RTX_CM3.lib(rtx_mempool.o)
    0x08022e94   0x000000e4   Code   RO         8656    .text.svcRtxMessageQueueGet  RTX_CM3.lib(rtx_msgqueue.o)
    0x08022f78   0x00000010   Code   RO         8624    .text.svcRtxMessageQueueGetCapacity  RTX_CM3.lib(rtx_msgqueue.o)
    0x08022f88   0x00000010   Code   RO         8632    .text.svcRtxMessageQueueGetCount  RTX_CM3.lib(rtx_msgqueue.o)
    0x08022f98   0x00000010   Code   RO         8628    .text.svcRtxMessageQueueGetMsgSize  RTX_CM3.lib(rtx_msgqueue.o)
    0x08022fa8   0x00000010   Code   RO         8650    .text.svcRtxMessageQueueGetName  RTX_CM3.lib(rtx_msgqueue.o)
    0x08022fb8   0x00000014   Code   RO         8636    .text.svcRtxMessageQueueGetSpace  RTX_CM3.lib(rtx_msgqueue.o)
    0x08022fcc   0x00000134   Code   RO         8642    .text.svcRtxMessageQueueNew  RTX_CM3.lib(rtx_msgqueue.o)
    0x08023100   0x000000c0   Code   RO         8652    .text.svcRtxMessageQueuePut  RTX_CM3.lib(rtx_msgqueue.o)
    0x080231c0   0x00000010   Code   RO         8507    .text.svcRtxMutexGetName  RTX_CM3.lib(rtx_mutex.o)
    0x080231d0   0x00000014   Code   RO         8513    .text.svcRtxMutexGetOwner  RTX_CM3.lib(rtx_mutex.o)
    0x080231e4   0x0000006c   Code   RO         8505    .text.svcRtxMutexNew  RTX_CM3.lib(rtx_mutex.o)
    0x08023250   0x00000010   Code   RO         8536    .text.svcRtxSemaphoreGetCount  RTX_CM3.lib(rtx_semaphore.o)
    0x08023260   0x00000010   Code   RO         8544    .text.svcRtxSemaphoreGetName  RTX_CM3.lib(rtx_semaphore.o)
    0x08023270   0x00000080   Code   RO         8540    .text.svcRtxSemaphoreNew  RTX_CM3.lib(rtx_semaphore.o)
    0x080232f0   0x00000074   Code   RO         8408    .text.svcRtxThreadExit  RTX_CM3.lib(rtx_thread.o)
    0x08023364   0x0000000c   Code   RO         8340    .text.svcRtxThreadGetId  RTX_CM3.lib(rtx_thread.o)
    0x08023370   0x000001dc   Code   RO         8332    .text.svcRtxThreadNew  RTX_CM3.lib(rtx_thread.o)
    0x0802354c   0x00000002   Code   RO         1292    i.ADC1_2_IRQHandler  stm32f10x_it.o
    0x0802354e   0x00000002   PAD
    0x08023550   0x0000005c   Code   RO         4974    i.ADC_Cmd           stm32f10x_adc.o
    0x080235ac   0x00000054   Code   RO         4975    i.ADC_DMACmd        stm32f10x_adc.o
    0x08023600   0x00000048   Code   RO         4982    i.ADC_GetCalibrationStatus  stm32f10x_adc.o
    0x08023648   0x00000038   Code   RO         4983    i.ADC_GetConversionValue  stm32f10x_adc.o
    0x08023680   0x00000068   Code   RO         4985    i.ADC_GetFlagStatus  stm32f10x_adc.o
    0x080236e8   0x00000048   Code   RO         4988    i.ADC_GetResetCalibrationStatus  stm32f10x_adc.o
    0x08023730   0x0000019c   Code   RO         4992    i.ADC_Init          stm32f10x_adc.o
    0x080238cc   0x000001a4   Code   RO         4996    i.ADC_RegularChannelConfig  stm32f10x_adc.o
    0x08023a70   0x0000003c   Code   RO         4997    i.ADC_ResetCalibration  stm32f10x_adc.o
    0x08023aac   0x0000005c   Code   RO         4999    i.ADC_SoftwareStartConvCmd  stm32f10x_adc.o
    0x08023b08   0x0000003c   Code   RO         5001    i.ADC_StartCalibration  stm32f10x_adc.o
    0x08023b44   0x0000003c   Code   RO         5003    i.ADC_TempSensorVrefintCmd  stm32f10x_adc.o
    0x08023b80   0x000002e4   Code   RO         2659    i.AT_cmd            app4g.o
    0x08023e64   0x00000010   Code   RO         5205    i.BKP_DeInit        stm32f10x_bkp.o
    0x08023e74   0x0000003c   Code   RO         5209    i.BKP_RTCOutputConfig  stm32f10x_bkp.o
    0x08023eb0   0x000000d4   Code   RO         5210    i.BKP_ReadBackupRegister  stm32f10x_bkp.o
    0x08023f84   0x00000024   Code   RO         5212    i.BKP_TamperPinCmd  stm32f10x_bkp.o
    0x08023fa8   0x000000d4   Code   RO         5214    i.BKP_WriteBackupRegister  stm32f10x_bkp.o
    0x0802407c   0x0000003c   Code   RO         3093    i.Breaker_CRC8      app_rs485_broker.o
    0x080240b8   0x00000060   Code   RO         3094    i.Breaker_ConstructTxCmdFrame  app_rs485_broker.o
    0x08024118   0x00000054   Code   RO         1839    i.Buffercmp_b8      st_ext_spi_flash.o
    0x0802416c   0x00000004   Code   RO         1293    i.BusFault_Handler  stm32f10x_it.o
    0x08024170   0x0000003a   Code   RO         1002    i.CheckLeap         clock_calendar.o
    0x080241aa   0x00000002   PAD
    0x080241ac   0x00000034   Code   RO            5    i.CreateMutex       main.o
    0x080241e0   0x00000048   Code   RO         1294    i.DMA1_Channel2_IRQHandler  stm32f10x_it.o
    0x08024228   0x0000004c   Code   RO         1295    i.DMA1_Channel6_IRQHandler  stm32f10x_it.o
    0x08024274   0x00000090   Code   RO         1296    i.DMA1_Channel7_IRQHandler  stm32f10x_it.o
    0x08024304   0x00000040   Code   RO         5748    i.DMA_ClearITPendingBit  stm32f10x_dma.o
    0x08024344   0x000000a4   Code   RO         5749    i.DMA_Cmd           stm32f10x_dma.o
    0x080243e8   0x00000098   Code   RO          774    i.DMA_Config        st_printf.o
    0x08024480   0x000001bc   Code   RO         5750    i.DMA_DeInit        stm32f10x_dma.o
    0x0802463c   0x00000020   Code   RO          775    i.DMA_Enable        st_printf.o
    0x0802465c   0x00000080   Code   RO         5751    i.DMA_GetCurrDataCounter  stm32f10x_dma.o
    0x080246dc   0x00000188   Code   RO         5753    i.DMA_GetITStatus   stm32f10x_dma.o
    0x08024864   0x000000b4   Code   RO         5754    i.DMA_ITConfig      stm32f10x_dma.o
    0x08024918   0x00000190   Code   RO         5755    i.DMA_Init          stm32f10x_dma.o
    0x08024aa8   0x00000080   Code   RO         5756    i.DMA_SetCurrDataCounter  stm32f10x_dma.o
    0x08024b28   0x00000030   Code   RO          593    i.DS18B20_GPIO_Config  ds18b20.o
    0x08024b58   0x00000250   Code   RO          594    i.DS18B20_Get_Temp  ds18b20.o
    0x08024da8   0x00000010   Code   RO          595    i.DS18B20_Init      ds18b20.o
    0x08024db8   0x0000008c   Code   RO          596    i.DS18B20_Match_Serial  ds18b20.o
    0x08024e44   0x00000020   Code   RO          597    i.DS18B20_Mode_IPU  ds18b20.o
    0x08024e64   0x00000024   Code   RO          598    i.DS18B20_Mode_Out_PP  ds18b20.o
    0x08024e88   0x0000005c   Code   RO          599    i.DS18B20_Presence  ds18b20.o
    0x08024ee4   0x0000003c   Code   RO          600    i.DS18B20_Read_Bit  ds18b20.o
    0x08024f20   0x00000022   Code   RO          601    i.DS18B20_Read_Byte  ds18b20.o
    0x08024f42   0x00000002   PAD
    0x08024f44   0x00000040   Code   RO          602    i.DS18B20_Rst       ds18b20.o
    0x08024f84   0x00000064   Code   RO          604    i.DS18B20_Write_Byte  ds18b20.o
    0x08024fe8   0x00000168   Code   RO         1003    i.DateUpdate        clock_calendar.o
    0x08025150   0x00000002   Code   RO         1297    i.DebugMon_Handler  stm32f10x_it.o
    0x08025152   0x00000002   PAD
    0x08025154   0x0000001c   Code   RO         1298    i.Delay1ms          stm32f10x_it.o
    0x08025170   0x000000ac   Code   RO         1299    i.Delay_us          stm32f10x_it.o
    0x0802521c   0x000000d8   Code   RO         4670    i.DianChuan_ConstructTxCmdFrame  dianchuan.o
    0x080252f4   0x0000007c   Code   RO         1005    i.DisplayDate       clock_calendar.o
    0x08025370   0x00000040   Code   RO         1300    i.EXTI0_IRQHandler  stm32f10x_it.o
    0x080253b0   0x000001d0   Code   RO         1301    i.EXTI15_10_IRQHandler  stm32f10x_it.o
    0x08025580   0x0000000a   Code   RO         1302    i.EXTI3_IRQHandler  stm32f10x_it.o
    0x0802558a   0x00000002   PAD
    0x0802558c   0x00000070   Code   RO         1303    i.EXTI9_5_IRQHandler  stm32f10x_it.o
    0x080255fc   0x00000024   Code   RO         5833    i.EXTI_ClearITPendingBit  stm32f10x_exti.o
    0x08025620   0x000000a0   Code   RO         5837    i.EXTI_GetITStatus  stm32f10x_exti.o
    0x080256c0   0x000000f4   Code   RO         5838    i.EXTI_Init         stm32f10x_exti.o
    0x080257b4   0x0000006c   Code   RO         5904    i.FLASH_ErasePage   stm32f10x_flash.o
    0x08025820   0x00000034   Code   RO         5905    i.FLASH_GetBank1Status  stm32f10x_flash.o
    0x08025854   0x00000014   Code   RO         5914    i.FLASH_Lock        stm32f10x_flash.o
    0x08025868   0x00000064   Code   RO         5917    i.FLASH_ProgramHalfWord  stm32f10x_flash.o
    0x080258cc   0x00000018   Code   RO         5922    i.FLASH_Unlock      stm32f10x_flash.o
    0x080258e4   0x00000026   Code   RO         5926    i.FLASH_WaitForLastOperation  stm32f10x_flash.o
    0x0802590a   0x00000002   PAD
    0x0802590c   0x000000b8   Code   RO         6222    i.GPIO_EXTILineConfig  stm32f10x_gpio.o
    0x080259c4   0x0000019c   Code   RO         6225    i.GPIO_Init         stm32f10x_gpio.o
    0x08025b60   0x0000021c   Code   RO         6227    i.GPIO_PinRemapConfig  stm32f10x_gpio.o
    0x08025d7c   0x000000cc   Code   RO         6229    i.GPIO_ReadInputDataBit  stm32f10x_gpio.o
    0x08025e48   0x000000cc   Code   RO         6231    i.GPIO_ReadOutputDataBit  stm32f10x_gpio.o
    0x08025f14   0x00000074   Code   RO         6232    i.GPIO_ResetBits    stm32f10x_gpio.o
    0x08025f88   0x00000074   Code   RO         6233    i.GPIO_SetBits      stm32f10x_gpio.o
    0x08025ffc   0x000000d8   Code   RO         6236    i.GPIO_WriteBit     stm32f10x_gpio.o
    0x080260d4   0x000003e0   Code   RO          776    i.Get_ChipInfo      st_printf.o
    0x080264b4   0x00000004   Code   RO         1304    i.HardFault_Handler  stm32f10x_it.o
    0x080264b8   0x00000010   Code   RO         2193    i.IAP_ReadFlag      st_flash.o
    0x080264c8   0x00000050   Code   RO         2194    i.IAP_WriteFlag     st_flash.o
    0x08026518   0x000000c0   Code   RO            6    i.Init_MemPool      main.o
    0x080265d8   0x00000076   Code   RO         4035    i.MQTTDeserialize_connack  mqttconnectclient.o
    0x0802664e   0x000000a8   Code   RO         4123    i.MQTTDeserialize_publish  mqttdeserializepublish.o
    0x080266f6   0x00000092   Code   RO         4355    i.MQTTDeserialize_suback  mqttsubscribeclient.o
    0x08026788   0x00000058   Code   RO         4198    i.MQTTPacket_decode  mqttpacket.o
    0x080267e0   0x0000001c   Code   RO         4199    i.MQTTPacket_decodeBuf  mqttpacket.o
    0x080267fc   0x00000036   Code   RO         4201    i.MQTTPacket_encode  mqttpacket.o
    0x08026832   0x00000002   PAD
    0x08026834   0x00000028   Code   RO         4203    i.MQTTPacket_len    mqttpacket.o
    0x0802685c   0x00000066   Code   RO         4204    i.MQTTPacket_read   mqttpacket.o
    0x080268c2   0x00000072   Code   RO         4313    i.MQTTSerialize_ack  mqttserializepublish.o
    0x08026934   0x00000168   Code   RO         4036    i.MQTTSerialize_connect  mqttconnectclient.o
    0x08026a9c   0x00000076   Code   RO         4037    i.MQTTSerialize_connectLength  mqttconnectclient.o
    0x08026b12   0x00000012   Code   RO         4039    i.MQTTSerialize_pingreq  mqttconnectclient.o
    0x08026b24   0x000000b0   Code   RO         4316    i.MQTTSerialize_publish  mqttserializepublish.o
    0x08026bd4   0x00000022   Code   RO         4317    i.MQTTSerialize_publishLength  mqttserializepublish.o
    0x08026bf6   0x000000b0   Code   RO         4356    i.MQTTSerialize_subscribe  mqttsubscribeclient.o
    0x08026ca6   0x0000002e   Code   RO         4357    i.MQTTSerialize_subscribeLength  mqttsubscribeclient.o
    0x08026cd4   0x0000004c   Code   RO         4040    i.MQTTSerialize_zero  mqttconnectclient.o
    0x08026d20   0x00000018   Code   RO         4206    i.MQTTstrlen        mqttpacket.o
    0x08026d38   0x00000004   Code   RO         1305    i.MemManage_Handler  stm32f10x_it.o
    0x08026d3c   0x00000002   Code   RO         1306    i.NMI_Handler       stm32f10x_it.o
    0x08026d3e   0x00000002   PAD
    0x08026d40   0x000000b0   Code   RO         4919    i.NVIC_Init         misc.o
    0x08026df0   0x00000044   Code   RO         4920    i.NVIC_PriorityGroupConfig  misc.o
    0x08026e34   0x0000004c   Code   RO         4921    i.NVIC_SetVectorTable  misc.o
    0x08026e80   0x00000024   Code   RO         6618    i.PWR_BackupAccessCmd  stm32f10x_pwr.o
    0x08026ea4   0x0000003c   Code   RO         6691    i.RCC_ADCCLKConfig  stm32f10x_rcc.o
    0x08026ee0   0x00000054   Code   RO         6692    i.RCC_AHBPeriphClockCmd  stm32f10x_rcc.o
    0x08026f34   0x00000054   Code   RO         6693    i.RCC_APB1PeriphClockCmd  stm32f10x_rcc.o
    0x08026f88   0x00000054   Code   RO         6694    i.RCC_APB1PeriphResetCmd  stm32f10x_rcc.o
    0x08026fdc   0x00000054   Code   RO         6695    i.RCC_APB2PeriphClockCmd  stm32f10x_rcc.o
    0x08027030   0x00000054   Code   RO         6696    i.RCC_APB2PeriphResetCmd  stm32f10x_rcc.o
    0x08027084   0x00000024   Code   RO         6698    i.RCC_BackupResetCmd  stm32f10x_rcc.o
    0x080270a8   0x00000014   Code   RO         6699    i.RCC_ClearFlag     stm32f10x_rcc.o
    0x080270bc   0x0000001e   Code   RO         1789    i.RCC_Configuration_adc  st_adc.o
    0x080270da   0x00000002   PAD
    0x080270dc   0x000000d4   Code   RO         6703    i.RCC_GetClocksFreq  stm32f10x_rcc.o
    0x080271b0   0x00000080   Code   RO         6704    i.RCC_GetFlagStatus  stm32f10x_rcc.o
    0x08027230   0x00000010   Code   RO         6706    i.RCC_GetSYSCLKSource  stm32f10x_rcc.o
    0x08027240   0x00000050   Code   RO         6711    i.RCC_LSEConfig     stm32f10x_rcc.o
    0x08027290   0x00000024   Code   RO         6718    i.RCC_RTCCLKCmd     stm32f10x_rcc.o
    0x080272b4   0x00000038   Code   RO         6719    i.RCC_RTCCLKConfig  stm32f10x_rcc.o
    0x080272ec   0x0000009c   Code   RO         1308    i.RTCAlarm_IRQHandler  stm32f10x_it.o
    0x08027388   0x00000030   Code   RO         6905    i.RTC_ClearITPendingBit  stm32f10x_rtc.o
    0x080273b8   0x000002d8   Code   RO         1008    i.RTC_Configuration  clock_calendar.o
    0x08027690   0x00000014   Code   RO         6906    i.RTC_EnterConfigMode  stm32f10x_rtc.o
    0x080276a4   0x00000014   Code   RO         6907    i.RTC_ExitConfigMode  stm32f10x_rtc.o
    0x080276b8   0x00000014   Code   RO         6908    i.RTC_GetCounter    stm32f10x_rtc.o
    0x080276cc   0x00000044   Code   RO         6911    i.RTC_GetITStatus   stm32f10x_rtc.o
    0x08027710   0x00000188   Code   RO         1309    i.RTC_IRQHandler    stm32f10x_it.o
    0x08027898   0x0000004c   Code   RO         6912    i.RTC_ITConfig      stm32f10x_rtc.o
    0x080278e4   0x0000001c   Code   RO         6914    i.RTC_SetCounter    stm32f10x_rtc.o
    0x08027900   0x00000034   Code   RO         6915    i.RTC_SetPrescaler  stm32f10x_rtc.o
    0x08027934   0x00000014   Code   RO         6916    i.RTC_WaitForLastTask  stm32f10x_rtc.o
    0x08027948   0x00000060   Code   RO         7211    i.SPI_Cmd           stm32f10x_spi.o
    0x080279a8   0x00000074   Code   RO         7219    i.SPI_I2S_GetFlagStatus  stm32f10x_spi.o
    0x08027a1c   0x00000038   Code   RO         7222    i.SPI_I2S_ReceiveData  stm32f10x_spi.o
    0x08027a54   0x00000038   Code   RO         7223    i.SPI_I2S_SendData  stm32f10x_spi.o
    0x08027a8c   0x00000158   Code   RO         7224    i.SPI_Init          stm32f10x_spi.o
    0x08027be4   0x0000016a   Code   RO            8    i.STM3F10X_NVIC_Configuration  main.o
    0x08027d4e   0x00000006   Code   RO         2195    i.STMFLASH_ReadHalfWord  st_flash.o
    0x08027d54   0x00000118   Code   RO         1010    i.SetDate           clock_calendar.o
    0x08027e6c   0x00000008   Code   RO         8191    i.SetSysClock       system_stm32f10x.o
    0x08027e74   0x000000e0   Code   RO         8192    i.SetSysClockTo72   system_stm32f10x.o
    0x08027f54   0x0000002c   Code   RO         1012    i.SetTime           clock_calendar.o
    0x08027f80   0x000000a4   Code   RO         8193    i.SystemCoreClockUpdate  system_stm32f10x.o
    0x08028024   0x00000060   Code   RO         8194    i.SystemInit        system_stm32f10x.o
    0x08028084   0x000000e0   Code   RO          709    i.TA6932_DisplayAllNumber  ta6932.o
    0x08028164   0x0000003c   Code   RO          710    i.TA6932_DisplayPortNumber  ta6932.o
    0x080281a0   0x000002dc   Code   RO          711    i.TA6932_Display_Number  ta6932.o
    0x0802847c   0x0000007c   Code   RO          712    i.TA6932_Init       ta6932.o
    0x080284f8   0x00000080   Code   RO          713    i.TA6932_Write_Byte  ta6932.o
    0x08028578   0x00000038   Code   RO         1311    i.TIM1_UP_IRQHandler  stm32f10x_it.o
    0x080285b0   0x000000b8   Code   RO         1312    i.TIM3_IRQHandler   stm32f10x_it.o
    0x08028668   0x000000d8   Code   RO         7373    i.TIM_ClearFlag     stm32f10x_tim.o
    0x08028740   0x000000d8   Code   RO         7374    i.TIM_ClearITPendingBit  stm32f10x_tim.o
    0x08028818   0x000000e8   Code   RO         7379    i.TIM_Cmd           stm32f10x_tim.o
    0x08028900   0x0000025c   Code   RO         7384    i.TIM_DeInit        stm32f10x_tim.o
    0x08028b5c   0x00000110   Code   RO         7400    i.TIM_GetITStatus   stm32f10x_tim.o
    0x08028c6c   0x000000f8   Code   RO         7404    i.TIM_ITConfig      stm32f10x_tim.o
    0x08028d64   0x000001f0   Code   RO         7408    i.TIM_OC1Init       stm32f10x_tim.o
    0x08028f54   0x000000cc   Code   RO         7411    i.TIM_OC1PreloadConfig  stm32f10x_tim.o
    0x08029020   0x000001a8   Code   RO         7418    i.TIM_OC3Init       stm32f10x_tim.o
    0x080291c8   0x00000070   Code   RO         7421    i.TIM_OC3PreloadConfig  stm32f10x_tim.o
    0x08029238   0x00000178   Code   RO         7450    i.TIM_TimeBaseInit  stm32f10x_tim.o
    0x080293b0   0x00000012   Code   RO         7451    i.TIM_TimeBaseStructInit  stm32f10x_tim.o
    0x080293c2   0x00000002   PAD
    0x080293c4   0x0000007c   Code   RO         1167    i.Time_Display      st_rtc.o
    0x08029440   0x00000028   Code   RO         1169    i.Time_Show         st_rtc.o
    0x08029468   0x000001e8   Code   RO         1313    i.UART4_IRQHandler  stm32f10x_it.o
    0x08029650   0x000006ec   Code   RO         1314    i.UART5_IRQHandler  stm32f10x_it.o
    0x08029d3c   0x000001a0   Code   RO         1315    i.USART1_IRQHandler  stm32f10x_it.o
    0x08029edc   0x00000170   Code   RO         1316    i.USART2_IRQHandler  stm32f10x_it.o
    0x0802a04c   0x000001ac   Code   RO         1317    i.USART3_IRQHandler  stm32f10x_it.o
    0x0802a1f8   0x0000008c   Code   RO         7924    i.USART_ClearFlag   stm32f10x_usart.o
    0x0802a284   0x00000074   Code   RO         7928    i.USART_Cmd         stm32f10x_usart.o
    0x0802a2f8   0x00000264   Code   RO          777    i.USART_Config      st_printf.o
    0x0802a55c   0x00000084   Code   RO         7929    i.USART_DMACmd      stm32f10x_usart.o
    0x0802a5e0   0x000000b8   Code   RO         7931    i.USART_GetFlagStatus  stm32f10x_usart.o
    0x0802a698   0x00000114   Code   RO         7932    i.USART_GetITStatus  stm32f10x_usart.o
    0x0802a7ac   0x00000110   Code   RO         7934    i.USART_ITConfig    stm32f10x_usart.o
    0x0802a8bc   0x000001e0   Code   RO         7935    i.USART_Init        stm32f10x_usart.o
    0x0802aa9c   0x00000050   Code   RO         7942    i.USART_ReceiveData  stm32f10x_usart.o
    0x0802aaec   0x00000064   Code   RO         7945    i.USART_SendData    stm32f10x_usart.o
    0x0802ab50   0x00000004   Code   RO         1318    i.UsageFault_Handler  stm32f10x_it.o
    0x0802ab54   0x00000058   Code   RO         1015    i.WeekDay           clock_calendar.o
    0x0802abac   0x00000020   Code   RO         9047    i.__0printf         mc_w.l(printfa.o)
    0x0802abcc   0x00000028   Code   RO         9048    i.__0snprintf       mc_w.l(printfa.o)
    0x0802abf4   0x00000028   Code   RO         9049    i.__0sprintf        mc_w.l(printfa.o)
    0x0802ac1c   0x00000024   Code   RO         9053    i.__0vsprintf       mc_w.l(printfa.o)
    0x0802ac40   0x00000008   Code   RO         9182    i.__aeabi_errno_addr  mc_w.l(errno.o)
    0x0802ac48   0x0000005c   Code   RO         9079    i.__free$realloc    mc_w.l(mallocr.o)
    0x0802aca4   0x00000050   Code   RO         9080    i.__malloc$realloc  mc_w.l(mallocr.o)
    0x0802acf4   0x0000000e   Code   RO         9247    i.__scatterload_copy  mc_w.l(handlers.o)
    0x0802ad02   0x00000002   Code   RO         9248    i.__scatterload_null  mc_w.l(handlers.o)
    0x0802ad04   0x0000000e   Code   RO         9249    i.__scatterload_zeroinit  mc_w.l(handlers.o)
    0x0802ad12   0x00000002   PAD
    0x0802ad14   0x00000164   Code   RO         9054    i._fp_digits        mc_w.l(printfa.o)
    0x0802ae78   0x0000000e   Code   RO         9107    i._is_digit         mc_w.l(scanf_fp.o)
    0x0802ae86   0x00000002   PAD
    0x0802ae88   0x000006dc   Code   RO         9055    i._printf_core      mc_w.l(printfa.o)
    0x0802b564   0x00000024   Code   RO         9056    i._printf_post_padding  mc_w.l(printfa.o)
    0x0802b588   0x0000002e   Code   RO         9057    i._printf_pre_padding  mc_w.l(printfa.o)
    0x0802b5b6   0x00000016   Code   RO         9058    i._snputc           mc_w.l(printfa.o)
    0x0802b5cc   0x0000000a   Code   RO         9059    i._sputc            mc_w.l(printfa.o)
    0x0802b5d6   0x0000002e   Code   RO         3265    i.add_item_to_array  cjson.o
    0x0802b604   0x00000076   Code   RO         3266    i.add_item_to_object  cjson.o
    0x0802b67a   0x00000002   PAD
    0x0802b67c   0x00000010   Code   RO         2660    i.app4g_reset_io_high  app4g.o
    0x0802b68c   0x00000024   Code   RO         2661    i.app4g_reset_io_init  app4g.o
    0x0802b6b0   0x00000010   Code   RO         2662    i.app4g_reset_io_low  app4g.o
    0x0802b6c0   0x00000010   Code   RO         2663    i.app4g_reset_ok_time  app4g.o
    0x0802b6d0   0x00000010   Code   RO         2664    i.app4g_reset_start_time  app4g.o
    0x0802b6e0   0x00000070   Code   RO         2665    i.app4g_run_ok_need_time  app4g.o
    0x0802b750   0x00000010   Code   RO         2666    i.app4g_run_ok_time  app4g.o
    0x0802b760   0x00000010   Code   RO         2667    i.app4g_standby_io_high  app4g.o
    0x0802b770   0x00000024   Code   RO         2668    i.app4g_standby_io_init  app4g.o
    0x0802b794   0x00000010   Code   RO         2669    i.app4g_standby_io_low  app4g.o
    0x0802b7a4   0x00000580   Code   RO            9    i.app_main          main.o
    0x0802bd24   0x000002d4   Code   RO         3095    i.app_rs485_broker_com_data  app_rs485_broker.o
    0x0802bff8   0x00000388   Code   RO         3096    i.app_rs485_broker_id_response_parse  app_rs485_broker.o
    0x0802c380   0x000000c0   Code   RO         3097    i.app_rs485_broker_info_print  app_rs485_broker.o
    0x0802c440   0x00000168   Code   RO         3098    i.app_rs485_broker_init  app_rs485_broker.o
    0x0802c5a8   0x0000014c   Code   RO         3099    i.app_rs485_broker_lookup_all_info  app_rs485_broker.o
    0x0802c6f4   0x0000016c   Code   RO         3100    i.app_rs485_broker_port_x_status  app_rs485_broker.o
    0x0802c860   0x00000170   Code   RO         3103    i.app_rs485_broker_start_power  app_rs485_broker.o
    0x0802c9d0   0x00000164   Code   RO         3104    i.app_rs485_broker_stop_power  app_rs485_broker.o
    0x0802cb34   0x00000094   Code   RO         3105    i.app_rs485_broker_test  app_rs485_broker.o
    0x0802cbc8   0x00000014   Code   RO         3106    i.app_uart1_rs485_rxtx_io_high_is_tx  app_rs485_broker.o
    0x0802cbdc   0x00000024   Code   RO         3107    i.app_uart1_rs485_rxtx_io_init  app_rs485_broker.o
    0x0802cc00   0x00000014   Code   RO         3108    i.app_uart1_rs485_rxtx_io_low_is_rx  app_rs485_broker.o
    0x0802cc14   0x00000010   Code   RO         3109    i.app_uart5_rs485_rxtx_io_high_is_tx  app_rs485_broker.o
    0x0802cc24   0x00000024   Code   RO         3110    i.app_uart5_rs485_rxtx_io_init  app_rs485_broker.o
    0x0802cc48   0x00000010   Code   RO         3111    i.app_uart5_rs485_rxtx_io_low_is_rx  app_rs485_broker.o
    0x0802cc58   0x00000050   Code   RO           10    i.assert_failed     main.o
    0x0802cca8   0x00000470   Code   RO         2670    i.at_cmd_ack        app4g.o
    0x0802d118   0x00000144   Code   RO         4542    i.at_tcp_mqtt_test  transport.o
    0x0802d25c   0x0000023c   Code   RO         4543    i.at_udp_ntp_test   transport.o
    0x0802d498   0x00000010   Code   RO         1903    i.audio_pa_io_disable  st_audio_product.o
    0x0802d4a8   0x00000010   Code   RO         1904    i.audio_pa_io_enable  st_audio_product.o
    0x0802d4b8   0x00000024   Code   RO         1905    i.audio_pa_io_init  st_audio_product.o
    0x0802d4dc   0x00000028   Code   RO         4207    i.bufchar           mqttpacket.o
    0x0802d504   0x0000003a   Code   RO         3267    i.buffer_skip_whitespace  cjson.o
    0x0802d53e   0x00000010   Code   RO         3273    i.cJSON_AddItemToArray  cjson.o
    0x0802d54e   0x00000002   PAD
    0x0802d550   0x00000020   Code   RO         3274    i.cJSON_AddItemToObject  cjson.o
    0x0802d570   0x0000003c   Code   RO         3277    i.cJSON_AddNumberToObject  cjson.o
    0x0802d5ac   0x00000034   Code   RO         3280    i.cJSON_AddStringToObject  cjson.o
    0x0802d5e0   0x00000018   Code   RO         3283    i.cJSON_CreateArray  cjson.o
    0x0802d5f8   0x00000064   Code   RO         3291    i.cJSON_CreateNumber  cjson.o
    0x0802d65c   0x00000018   Code   RO         3292    i.cJSON_CreateObject  cjson.o
    0x0802d674   0x00000034   Code   RO         3295    i.cJSON_CreateString  cjson.o
    0x0802d6a8   0x00000058   Code   RO         3299    i.cJSON_Delete      cjson.o
    0x0802d700   0x00000018   Code   RO         3308    i.cJSON_GetArrayItem  cjson.o
    0x0802d718   0x0000001c   Code   RO         3309    i.cJSON_GetArraySize  cjson.o
    0x0802d734   0x00000010   Code   RO         3310    i.cJSON_GetErrorPtr  cjson.o
    0x0802d744   0x00000012   Code   RO         3311    i.cJSON_GetObjectItem  cjson.o
    0x0802d756   0x00000002   PAD
    0x0802d758   0x00000064   Code   RO         3315    i.cJSON_InitHooks   cjson.o
    0x0802d7bc   0x0000001a   Code   RO         3328    i.cJSON_New_Item    cjson.o
    0x0802d7d6   0x00000010   Code   RO         3329    i.cJSON_Parse       cjson.o
    0x0802d7e6   0x00000002   PAD
    0x0802d7e8   0x000000d4   Code   RO         3330    i.cJSON_ParseWithOpts  cjson.o
    0x0802d8bc   0x00000014   Code   RO         3331    i.cJSON_Print       cjson.o
    0x0802d8d0   0x00000044   Code   RO         3333    i.cJSON_PrintPreallocated  cjson.o
    0x0802d914   0x00000028   Code   RO         3340    i.cJSON_Version     cjson.o
    0x0802d93c   0x00000038   Code   RO         3343    i.cJSON_strdup      cjson.o
    0x0802d974   0x00000048   Code   RO         3344    i.case_insensitive_strcmp  cjson.o
    0x0802d9bc   0x00000002   Code   RO         3345    i.cast_away_const   cjson.o
    0x0802d9be   0x00000002   PAD
    0x0802d9c0   0x0000003c   Code   RO         3885    i.charge_mg_init    cjson_middleware.o
    0x0802d9fc   0x00000220   Code   RO         3886    i.charge_mg_set_off  cjson_middleware.o
    0x0802dc1c   0x000004ec   Code   RO         3887    i.charge_mg_set_on  cjson_middleware.o
    0x0802e108   0x0000001c   Code   RO         3888    i.charge_mg_set_parm  cjson_middleware.o
    0x0802e124   0x0000001c   Code   RO         4544    i.checkCPUendian    transport.o
    0x0802e140   0x00000018   Code   RO         2610    i.check_byte_sum    unpack.o
    0x0802e158   0x0000000c   Code   RO         1319    i.clear_dhh_happen  stm32f10x_it.o
    0x0802e164   0x0000000c   Code   RO         1320    i.clear_smoke_happen  stm32f10x_it.o
    0x0802e170   0x000000b0   Code   RO         2611    i.convertData       unpack.o
    0x0802e220   0x00000194   Code   RO         4671    i.dc_active_send_mcu_response  dianchuan.o
    0x0802e3b4   0x000002bc   Code   RO         4672    i.dc_com_data       dianchuan.o
    0x0802e670   0x000000d8   Code   RO         4673    i.dc_construct_ack_frame  dianchuan.o
    0x0802e748   0x0000011c   Code   RO         4674    i.dc_get_maxpower_charge_finish_stopen  dianchuan.o
    0x0802e864   0x000000f0   Code   RO         4675    i.dc_get_port_charge_status  dianchuan.o
    0x0802e954   0x00000024   Code   RO         4676    i.dc_get_total_consumption  dianchuan.o
    0x0802e978   0x000001ac   Code   RO         4677    i.dc_port_status    dianchuan.o
    0x0802eb24   0x00000158   Code   RO         4678    i.dc_port_x_status  dianchuan.o
    0x0802ec7c   0x00000150   Code   RO         4679    i.dc_rx_rcv_data    dianchuan.o
    0x0802edcc   0x000000b4   Code   RO         4680    i.dc_set_max_power  dianchuan.o
    0x0802ee80   0x00000060   Code   RO         4681    i.dc_start_power    dianchuan.o
    0x0802eee0   0x00000044   Code   RO         4682    i.dc_stop_power     dianchuan.o
    0x0802ef24   0x00000380   Code   RO         4683    i.dc_tx_rx_data     dianchuan.o
    0x0802f2a4   0x0000013c   Code   RO         4685    i.dc_tx_send_data   dianchuan.o
    0x0802f3e0   0x000003a4   Code   RO         1250    i.debug             stm32f10x_ip_dbg.o
    0x0802f784   0x00000274   Code   RO           11    i.dump_app_info     main.o
    0x0802f9f8   0x000000fc   Code   RO           12    i.dump_memeory      main.o
    0x0802faf4   0x00000064   Code   RO         2672    i.dx_check_imei     app4g.o
    0x0802fb58   0x00000044   Code   RO         3889    i.dx_cjson_init     cjson_middleware.o
    0x0802fb9c   0x0000000c   Code   RO         2673    i.dx_clear_mqtt_thread_pause  app4g.o
    0x0802fba8   0x00000190   Code   RO         2674    i.dx_get_lte_datacap  app4g.o
    0x0802fd38   0x00000218   Code   RO         2675    i.dx_get_lte_imei   app4g.o
    0x0802ff50   0x000000c8   Code   RO         2676    i.dx_get_lte_network  app4g.o
    0x08030018   0x0000012c   Code   RO         2677    i.dx_get_lte_network_resiger_status  app4g.o
    0x08030144   0x000000e0   Code   RO         2678    i.dx_get_lte_ntp_time  app4g.o
    0x08030224   0x00000108   Code   RO         2679    i.dx_get_lte_pinCount  app4g.o
    0x0803032c   0x000000dc   Code   RO         2680    i.dx_get_lte_pinState  app4g.o
    0x08030408   0x000000c0   Code   RO         2681    i.dx_get_lte_pinSwitch  app4g.o
    0x080304c8   0x00000078   Code   RO         2682    i.dx_get_lte_qiact  app4g.o
    0x08030540   0x00000174   Code   RO         2683    i.dx_get_lte_signalQuality  app4g.o
    0x080306b4   0x0000000c   Code   RO         2684    i.dx_get_mqtt_thread_status  app4g.o
    0x080306c0   0x000000cc   Code   RO         2685    i.dx_interface_get_imsi  app4g.o
    0x0803078c   0x000000c8   Code   RO         2686    i.dx_lte_http_contextid_config  app4g.o
    0x08030854   0x00000170   Code   RO         2687    i.dx_lte_http_file_len  app4g.o
    0x080309c4   0x00001860   Code   RO         2688    i.dx_lte_http_getfile  app4g.o
    0x08032224   0x00000204   Code   RO         2689    i.dx_lte_http_url_config  app4g.o
    0x08032428   0x0000057c   Code   RO         2690    i.dx_lte_init_check  app4g.o
    0x080329a4   0x000000a8   Code   RO         2691    i.dx_lte_ping_demo  app4g.o
    0x08032a4c   0x000000d4   Code   RO         2692    i.dx_lte_traffic_GetCCID  app4g.o
    0x08032b20   0x000000a0   Code   RO         2693    i.dx_lte_traffic_GetLteStatus  app4g.o
    0x08032bc0   0x0000003a   Code   RO           13    i.dx_memmem         main.o
    0x08032bfa   0x00000002   PAD
    0x08032bfc   0x00000088   Code   RO         2694    i.dx_set_lte_ate0   app4g.o
    0x08032c84   0x000001ac   Code   RO         2695    i.dx_set_lte_ntp_server  app4g.o
    0x08032e30   0x0000000c   Code   RO         2697    i.dx_set_mqtt_thread_pause  app4g.o
    0x08032e3c   0x0000000c   Code   RO         2698    i.dx_set_mqtt_thread_stop  app4g.o
    0x08032e48   0x00000330   Code   RO         2699    i.dx_tcp_test       app4g.o
    0x08033178   0x000000ba   Code   RO         3347    i.ensure            cjson.o
    0x08033232   0x0000000c   Code   RO         1840    i.ext_flash_erase   st_ext_spi_flash.o
    0x0803323e   0x00000002   PAD
    0x08033240   0x00000104   Code   RO         1841    i.ext_flash_os_lock_init  st_ext_spi_flash.o
    0x08033344   0x00000014   Code   RO         1842    i.ext_flash_read    st_ext_spi_flash.o
    0x08033358   0x00000014   Code   RO         1843    i.ext_flash_write   st_ext_spi_flash.o
    0x0803336c   0x00000280   Code   RO         1908    i.flash_paudio_pcm_init  st_audio_product.o
    0x080335ec   0x00000054   Code   RO          778    i.fputc             st_printf.o
    0x08033640   0x00000030   Code   RO         1613    i.fw_upgeade_start  st_gpio.o
    0x08033670   0x0000001e   Code   RO         3348    i.get_array_item    cjson.o
    0x0803368e   0x00000002   PAD
    0x08033690   0x00000050   Code   RO         1909    i.get_audio_pcm_ram_address_len  st_audio_product.o
    0x080336e0   0x0000001c   Code   RO           15    i.get_bss_end       main.o
    0x080336fc   0x0000001c   Code   RO           16    i.get_bss_size      main.o
    0x08033718   0x00000008   Code   RO           17    i.get_bss_start     main.o
    0x08033720   0x0000000c   Code   RO         3890    i.get_cur_upgrade_num  cjson_middleware.o
    0x0803372c   0x00000008   Code   RO         1321    i.get_curtime       stm32f10x_it.o
    0x08033734   0x0000000c   Code   RO         1322    i.get_curtime2      stm32f10x_it.o
    0x08033740   0x00000008   Code   RO           18    i.get_data_end      main.o
    0x08033748   0x00000008   Code   RO           19    i.get_data_size     main.o
    0x08033750   0x00000008   Code   RO           20    i.get_data_start    main.o
    0x08033758   0x0000000c   Code   RO         4686    i.get_dc_port_time_complete  dianchuan.o
    0x08033764   0x00000004   Code   RO         3349    i.get_decimal_point  cjson.o
    0x08033768   0x0000000c   Code   RO         1323    i.get_dhh_happen    stm32f10x_it.o
    0x08033774   0x00000008   Code   RO           21    i.get_heap_end      main.o
    0x0803377c   0x0000000c   Code   RO           22    i.get_heap_size     main.o
    0x08033788   0x00000008   Code   RO           23    i.get_heap_start    main.o
    0x08033790   0x0000000c   Code   RO         4545    i.get_mqtt_transport_sock  transport.o
    0x0803379c   0x000002cc   Code   RO         1790    i.get_ntc_temp_adc1_chn9  st_adc.o
    0x08033a68   0x000000f0   Code   RO         4546    i.get_ntp_packet    transport.o
    0x08033b58   0x00000044   Code   RO         3350    i.get_object_item   cjson.o
    0x08033b9c   0x00000130   Code   RO         2612    i.get_pcm_data_by_name  unpack.o
    0x08033ccc   0x0000000c   Code   RO         1911    i.get_pcm_len       st_audio_product.o
    0x08033cd8   0x000000e8   Code   RO         1912    i.get_pcm_value     st_audio_product.o
    0x08033dc0   0x00000010   Code   RO           24    i.get_ram_end       main.o
    0x08033dd0   0x00000006   Code   RO           25    i.get_ram_size      main.o
    0x08033dd6   0x00000002   PAD
    0x08033dd8   0x00000008   Code   RO           26    i.get_ram_start     main.o
    0x08033de0   0x00000008   Code   RO           27    i.get_rwdata_end    main.o
    0x08033de8   0x00000008   Code   RO           28    i.get_rwdata_size   main.o
    0x08033df0   0x00000008   Code   RO           29    i.get_rwdata_start  main.o
    0x08033df8   0x0000000c   Code   RO         1324    i.get_smoke_happen  stm32f10x_it.o
    0x08033e04   0x00000008   Code   RO           30    i.get_stack_end     main.o
    0x08033e0c   0x0000000c   Code   RO           31    i.get_stack_size    main.o
    0x08033e18   0x00000010   Code   RO           32    i.get_stack_start   main.o
    0x08033e28   0x00000008   Code   RO           33    i.get_text_end      main.o
    0x08033e30   0x00000008   Code   RO           34    i.get_text_size     main.o
    0x08033e38   0x00000006   Code   RO           35    i.get_text_start    main.o
    0x08033e3e   0x00000002   PAD
    0x08033e40   0x00000044   Code   RO          779    i.gpio2uart1_pin_config  st_printf.o
    0x08033e84   0x00000040   Code   RO          780    i.gpio2uart2_pin_config  st_printf.o
    0x08033ec4   0x0000003c   Code   RO          781    i.gpio2uart2_txpin_config_pc4g_debug  st_printf.o
    0x08033f00   0x00000044   Code   RO          782    i.gpio2uart3_pin_config  st_printf.o
    0x08033f44   0x00000044   Code   RO          784    i.gpio2uart4_pin_config  st_printf.o
    0x08033f88   0x00000040   Code   RO          786    i.gpio2uart5_pin_config  st_printf.o
    0x08033fc8   0x00000050   Code   RO         4687    i.gpio_dc_detect_exti_config  dianchuan.o
    0x08034018   0x0000004c   Code   RO         4688    i.gpio_dc_detect_init  dianchuan.o
    0x08034064   0x00000050   Code   RO         4689    i.gpio_dc_detect_value  dianchuan.o
    0x080340b4   0x0000002a   Code   RO         1614    i.gpio_key_exti_config  st_gpio.o
    0x080340de   0x00000002   PAD
    0x080340e0   0x0000006c   Code   RO         1615    i.gpio_key_init     st_gpio.o
    0x0803414c   0x00000018   Code   RO         1616    i.gpio_key_value    st_gpio.o
    0x08034164   0x00000070   Code   RO         1617    i.gpio_led_init     st_gpio.o
    0x080341d4   0x00000014   Code   RO         1618    i.gpio_led_off      st_gpio.o
    0x080341e8   0x00000014   Code   RO         1619    i.gpio_led_on       st_gpio.o
    0x080341fc   0x00000024   Code   RO         1620    i.gpio_led_tog      st_gpio.o
    0x08034220   0x0000002a   Code   RO         1621    i.gpio_smoke_detect_exti_config  st_gpio.o
    0x0803424a   0x00000002   PAD
    0x0803424c   0x00000024   Code   RO         1622    i.gpio_smoke_detect_init  st_gpio.o
    0x08034270   0x00000054   Code   RO         1623    i.gpio_smoke_detect_value  st_gpio.o
    0x080342c4   0x00000002   Code   RO         2093    i.gxos_interrupt_disable  mod_time_list.o
    0x080342c6   0x00000002   Code   RO         2094    i.gxos_interrupt_enable  mod_time_list.o
    0x080342c8   0x00001140   Code   RO          787    i.handle_uart_debug_cmd  st_printf.o
    0x08035408   0x00000026   Code   RO         4549    i.htonl             transport.o
    0x0803542e   0x00000002   PAD
    0x08035430   0x00000188   Code   RO           38    i.init_message_queue  main.o
    0x080355b8   0x00000068   Code   RO         1914    i.init_tim1_for_softtimer  st_audio_product.o
    0x08035620   0x00000050   Code   RO         9081    i.internal_alloc    mc_w.l(mallocr.o)
    0x08035670   0x00000104   Code   RO         3891    i.json_online_cmd   cjson_middleware.o
    0x08035774   0x00000124   Code   RO         3892    i.json_parse        cjson_middleware.o
    0x08035898   0x000002dc   Code   RO         3893    i.json_parse_set_parm  cjson_middleware.o
    0x08035b74   0x000004fc   Code   RO         3894    i.json_parse_set_sw  cjson_middleware.o
    0x08036070   0x00000114   Code   RO         3895    i.json_parse_set_update2  cjson_middleware.o
    0x08036184   0x00000120   Code   RO         3897    i.json_station_warning_notify  cjson_middleware.o
    0x080362a4   0x00000290   Code   RO         3898    i.json_sw_ctrl_report  cjson_middleware.o
    0x08036534   0x000005bc   Code   RO         3899    i.json_updata_cut_wire_msg  cjson_middleware.o
    0x08036af0   0x00000018   Code   RO         1624    i.led_poweron       st_gpio.o
    0x08036b08   0x00000bc8   Code   RO           39    i.main              main.o
    0x080376d0   0x000002e4   Code   RO         1844    i.main_ext_spi_flash  st_ext_spi_flash.o
    0x080379b4   0x000003c0   Code   RO         2613    i.main_parse_flash_pcm_info  unpack.o
    0x08037d74   0x00000054   Code   RO           40    i.mcu_check_event   main.o
    0x08037dc8   0x00000124   Code   RO         1625    i.mcu_led_y_fast_ctrl  st_gpio.o
    0x08037eec   0x00000070   Code   RO           41    i.mcu_sys_soft_reset  main.o
    0x08037f5c   0x00000024   Code   RO         1325    i.mcu_uart5_control_init  stm32f10x_it.o
    0x08037f80   0x000002f8   Code   RO         1915    i.merger_audio_pcm  st_audio_product.o
    0x08038278   0x000000bc   Code   RO         4444    i.mqtt_link_pub_online  mqtt_app.o
    0x08038334   0x0000003c   Code   RO         4447    i.mqtt_pub_station_warning  mqtt_app.o
    0x08038370   0x00000044   Code   RO         4448    i.mqtt_pub_sw_report  mqtt_app.o
    0x080383b4   0x000000a8   Code   RO         4449    i.mqtt_publish      mqtt_app.o
    0x0803845c   0x000000e8   Code   RO         4452    i.mqtt_set          mqtt_app.o
    0x08038544   0x000000e0   Code   RO         4453    i.mqtt_updata_pro   mqtt_app.o
    0x08038624   0x0000001e   Code   RO         2700    i.myantoi           app4g.o
    0x08038642   0x00000002   PAD
    0x08038644   0x0000003c   Code   RO         3900    i.myfree            cjson_middleware.o
    0x08038680   0x00000040   Code   RO         3901    i.mymalloc          cjson_middleware.o
    0x080386c0   0x0000008c   Code   RO         2701    i.mytransfor        app4g.o
    0x0803874c   0x00000058   Code   RO         1791    i.ntc_to_temperature  st_adc.o
    0x080387a4   0x00000026   Code   RO         4551    i.ntohl             transport.o
    0x080387ca   0x00000018   Code   RO         4552    i.ntohs             transport.o
    0x080387e2   0x00000002   PAD
    0x080387e4   0x000001ac   Code   RO         4878    i.osRtxErrorNotify  rtx_config.o
    0x08038990   0x00000006   Code   RO           42    i.osRtxIdleThread   main.o
    0x08038996   0x000000f4   Code   RO         3351    i.parse_array       cjson.o
    0x08038a8a   0x0000005a   Code   RO         3352    i.parse_hex4        cjson.o
    0x08038ae4   0x00000138   Code   RO         3353    i.parse_number      cjson.o
    0x08038c1c   0x0000013a   Code   RO         3354    i.parse_object      cjson.o
    0x08038d56   0x0000018c   Code   RO         3355    i.parse_string      cjson.o
    0x08038ee2   0x00000002   PAD
    0x08038ee4   0x0000013c   Code   RO         3356    i.parse_value       cjson.o
    0x08039020   0x00000110   Code   RO         1916    i.pcm_buffer_status  st_audio_product.o
    0x08039130   0x00000024   Code   RO         1917    i.pcm_data_tim3_reable  st_audio_product.o
    0x08039154   0x00000014   Code   RO           43    i.play_audio_end    main.o
    0x08039168   0x00000014   Code   RO           44    i.play_audio_start  main.o
    0x0803917c   0x0000000c   Code   RO           45    i.play_audio_status  main.o
    0x08039188   0x000000b2   Code   RO         3357    i.print             cjson.o
    0x0803923a   0x000000b2   Code   RO         3358    i.print_array       cjson.o
    0x080392ec   0x0000002c   Code   RO         3902    i.print_heap_info   cjson_middleware.o
    0x08039318   0x0000037c   Code   RO         4553    i.print_ntp         transport.o
    0x08039694   0x000000f4   Code   RO         3359    i.print_number      cjson.o
    0x08039788   0x00000174   Code   RO         3360    i.print_object      cjson.o
    0x080398fc   0x00000010   Code   RO         3361    i.print_string      cjson.o
    0x0803990c   0x00000174   Code   RO         3362    i.print_string_ptr  cjson.o
    0x08039a80   0x00000104   Code   RO         3363    i.print_value       cjson.o
    0x08039b84   0x0000000e   Code   RO         4209    i.readChar          mqttpacket.o
    0x08039b92   0x0000001a   Code   RO         4210    i.readInt           mqttpacket.o
    0x08039bac   0x0000003a   Code   RO         4211    i.readMQTTLenString  mqttpacket.o
    0x08039be6   0x00000026   Code   RO          606    i.read_serial       ds18b20.o
    0x08039c0c   0x0000006c   Code   RO         9082    i.realloc           mc_w.l(mallocr.o)
    0x08039c78   0x0000006c   Code   RO         3903    i.reset_dc_port_para  cjson_middleware.o
    0x08039ce4   0x00000018   Code   RO         4690    i.reset_dc_port_time_complete  dianchuan.o
    0x08039cfc   0x00000020   Code   RO         1918    i.reset_pwm_out_index  st_audio_product.o
    0x08039d1c   0x0000001c   Code   RO         1326    i.reset_uart1_rx_buffer  stm32f10x_it.o
    0x08039d38   0x0000001c   Code   RO         1328    i.reset_uart2_rx_buffer  stm32f10x_it.o
    0x08039d54   0x0000001c   Code   RO         1329    i.reset_uart2_tx_buffer  stm32f10x_it.o
    0x08039d70   0x0000001c   Code   RO         1330    i.reset_uart3_rx_buffer  stm32f10x_it.o
    0x08039d8c   0x0000001c   Code   RO         1332    i.reset_uart4_rx_buffer  stm32f10x_it.o
    0x08039da8   0x0000001c   Code   RO         1334    i.reset_uart5_rx_buffer  stm32f10x_it.o
    0x08039dc4   0x0000001c   Code   RO         1336    i.reset_uart_debug_buffer  stm32f10x_it.o
    0x08039de0   0x00000030   Code   RO         1628    i.rs485_set_start   st_gpio.o
    0x08039e10   0x00000014   Code   RO         1171    i.rtc_set_cnt       st_rtc.o
    0x08039e24   0x00000040   Code   RO         2242    i.sFLASH_EraseSector  stm32_eval_spi_flash.o
    0x08039e64   0x00000054   Code   RO         2243    i.sFLASH_Init       stm32_eval_spi_flash.o
    0x08039eb8   0x00000068   Code   RO         2396    i.sFLASH_LowLevel_Init  stm3210b_eval.o
    0x08039f20   0x00000050   Code   RO         2244    i.sFLASH_ReadBuffer  stm32_eval_spi_flash.o
    0x08039f70   0x00000050   Code   RO         2246    i.sFLASH_ReadID     stm32_eval_spi_flash.o
    0x08039fc0   0x00000038   Code   RO         2248    i.sFLASH_SendByte   stm32_eval_spi_flash.o
    0x08039ff8   0x00000034   Code   RO         2251    i.sFLASH_WaitForWriteEnd  stm32_eval_spi_flash.o
    0x0803a02c   0x00000190   Code   RO         2252    i.sFLASH_WriteBuffer  stm32_eval_spi_flash.o
    0x0803a1bc   0x00000020   Code   RO         2254    i.sFLASH_WriteEnable  stm32_eval_spi_flash.o
    0x0803a1dc   0x00000058   Code   RO         2255    i.sFLASH_WritePage  stm32_eval_spi_flash.o
    0x0803a234   0x0000005c   Code   RO          789    i.sendchar          st_printf.o
    0x0803a290   0x0000000c   Code   RO         1337    i.set_dhh_happen    stm32f10x_it.o
    0x0803a29c   0x000001b0   Code   RO         1919    i.set_pwm_period_init_tim34  st_audio_product.o
    0x0803a44c   0x0000000c   Code   RO         1338    i.set_smoke_happen  stm32f10x_it.o
    0x0803a458   0x00000024   Code   RO         1920    i.set_tim4_pwm_duty  st_audio_product.o
    0x0803a47c   0x0000003c   Code   RO         3365    i.skip_utf8_bom     cjson.o
    0x0803a4b8   0x00000110   Code   RO         1792    i.st_adc_init       st_adc.o
    0x0803a5c8   0x00000008   Code   RO         1174    i.st_rtc_show       st_rtc.o
    0x0803a5d0   0x0000001c   Code   RO         8775    i.strtod            m_ws.l(strtod.o)
    0x0803a5ec   0x00000006   Code   RO         3366    i.suffix_object     cjson.o
    0x0803a5f2   0x00000002   PAD
    0x0803a5f4   0x00000040   Code   RO           47    i.system_stack_chk_init  main.o
    0x0803a634   0x00000058   Code   RO           48    i.system_stack_chk_size  main.o
    0x0803a68c   0x0000000c   Code   RO          714    i.ta6932_channel_num_init  ta6932.o
    0x0803a698   0x00000d10   Code   RO           51    i.thread_app_cb     main.o
    0x0803b3a8   0x0000074c   Code   RO           53    i.thread_main_cb    main.o
    0x0803baf4   0x00000310   Code   RO           54    i.thread_uart_cb    main.o
    0x0803be04   0x00000016   Code   RO         1175    i.time_hms2s        st_rtc.o
    0x0803be1a   0x00000002   PAD
    0x0803be1c   0x0000005c   Code   RO         2096    i.time_isr_query    mod_time_list.o
    0x0803be78   0x0000000c   Code   RO         2048    i.time_list_flag_query  mod_date_time.o
    0x0803be84   0x0000000c   Code   RO         2049    i.time_list_flag_start  mod_date_time.o
    0x0803be90   0x0000002c   Code   RO         2097    i.time_list_init    mod_time_list.o
    0x0803bebc   0x000000c4   Code   RO         2099    i.time_register     mod_time_list.o
    0x0803bf80   0x00000060   Code   RO         2101    i.time_restart      mod_time_list.o
    0x0803bfe0   0x00000038   Code   RO         2102    i.time_start        mod_time_list.o
    0x0803c018   0x00000014   Code   RO         2103    i.time_status_get   mod_time_list.o
    0x0803c02c   0x0000003c   Code   RO         2104    i.time_stop         mod_time_list.o
    0x0803c068   0x00000054   Code   RO         2105    i.time_task_query   mod_time_list.o
    0x0803c0bc   0x000002e0   Code   RO         1921    i.timer_dma_pcm_data  st_audio_product.o
    0x0803c39c   0x000000f0   Code   RO         1629    i.timer_key_detect  st_gpio.o
    0x0803c48c   0x0000005c   Code   RO           55    i.timer_keyboard_openport  main.o
    0x0803c4e8   0x00000110   Code   RO         4554    i.transport_close   transport.o
    0x0803c5f8   0x00000018   Code   RO         4555    i.transport_getdata  transport.o
    0x0803c610   0x00000638   Code   RO         4556    i.transport_getdatanb  transport.o
    0x0803cc48   0x0000037c   Code   RO         4557    i.transport_open    transport.o
    0x0803cfc4   0x00000380   Code   RO         4558    i.transport_sendPacketBuffer  transport.o
    0x0803d344   0x00000048   Code   RO         2703    i.uart1_cpu_printf  app4g.o
    0x0803d38c   0x00000028   Code   RO          790    i.uart1_sendchar    st_printf.o
    0x0803d3b4   0x00000028   Code   RO          791    i.uart1_sendstring  st_printf.o
    0x0803d3dc   0x00000048   Code   RO         2708    i.uart2_dma_printf  app4g.o
    0x0803d424   0x00000098   Code   RO         2709    i.uart2_dma_send_data  app4g.o
    0x0803d4bc   0x000000a4   Code   RO         2710    i.uart2_rec_at_cmd_response  app4g.o
    0x0803d560   0x00000090   Code   RO         2711    i.uart2_rec_at_cmd_response_check_ack  app4g.o
    0x0803d5f0   0x000000a8   Code   RO         4691    i.uart3_rec_cmd_response  dianchuan.o
    0x0803d698   0x00000028   Code   RO         2717    i.uart3_sendchar    app4g.o
    0x0803d6c0   0x000000a8   Code   RO         4692    i.uart4_rec_cmd_response  dianchuan.o
    0x0803d768   0x00000028   Code   RO         2722    i.uart4_sendchar    app4g.o
    0x0803d790   0x0000001c   Code   RO         3114    i.uart5_cpu_send_data  app_rs485_broker.o
    0x0803d7ac   0x00000090   Code   RO         3116    i.uart5_rec_rs485_response  app_rs485_broker.o
    0x0803d83c   0x00000028   Code   RO         3117    i.uart5_sendchar    app_rs485_broker.o
    0x0803d864   0x00000048   Code   RO          792    i.uart_printf       st_printf.o
    0x0803d8ac   0x00000028   Code   RO          793    i.uart_sendstring   st_printf.o
    0x0803d8d4   0x00000024   Code   RO         3367    i.update_offset     cjson.o
    0x0803d8f8   0x0000012c   Code   RO         3368    i.utf16_literal_to_utf8  cjson.o
    0x0803da24   0x00000028   Code   RO         4212    i.writeCString      mqttpacket.o
    0x0803da4c   0x0000000c   Code   RO         4213    i.writeChar         mqttpacket.o
    0x0803da58   0x00000030   Code   RO         4214    i.writeInt          mqttpacket.o
    0x0803da88   0x0000003e   Code   RO         4215    i.writeMQTTString   mqttpacket.o
    0x0803dac6   0x00000002   PAD
    0x0803dac8   0x000000f8   Data   RO           57    .constdata          main.o
    0x0803dbc0   0x00000012   Data   RO          716    .constdata          ta6932.o
    0x0803dbd2   0x00000002   PAD
    0x0803dbd4   0x00000328   Data   RO         1793    .constdata          st_adc.o
    0x0803defc   0x00000010   Data   RO         1846    .constdata          st_ext_spi_flash.o
    0x0803df0c   0x0000001a   Data   RO         3119    .constdata          app_rs485_broker.o
    0x0803df26   0x00000080   Data   RO         3906    .constdata          cjson_middleware.o
    0x0803dfa6   0x00000002   PAD
    0x0803dfa8   0x00000014   Data   RO         4559    .constdata          transport.o
    0x0803dfbc   0x0000002b   Data   RO         4694    .constdata          dianchuan.o
    0x0803dfe7   0x00000001   PAD
    0x0803dfe8   0x00000064   Data   RO         4841    .constdata          rtx_lib.o
    0x0803e04c   0x0000000c   Data   RO         8788    .constdata          mc_w.l(mktime.o)
    0x0803e058   0x0000000c   Data   RO         9174    .constdata          mc_w.l(localtime_i.o)
    0x0803e064   0x00000039   Data   RO         9178    .constdata          mc_w.l(asctime.o)
    0x0803e09d   0x00000081   Data   RO         9209    .constdata          mc_w.l(ctype_o.o)
    0x0803e11e   0x00000002   PAD
    0x0803e120   0x00000004   Data   RO         9210    .constdata          mc_w.l(ctype_o.o)
    0x0803e124   0x0000012d   Data   RO           58    .conststring        main.o
    0x0803e251   0x00000003   PAD
    0x0803e254   0x0000004c   Data   RO         1016    .conststring        clock_calendar.o
    0x0803e2a0   0x00000010   Data   RO         1847    .conststring        st_ext_spi_flash.o
    0x0803e2b0   0x00000047   Data   RO         2614    .conststring        unpack.o
    0x0803e2f7   0x00000001   PAD
    0x0803e2f8   0x0000004e   Data   RO         4560    .conststring        transport.o
    0x0803e346   0x00000002   PAD
    0x0803e348   0x000000e8   Data   RO         4880    .conststring        rtx_config.o
    0x0803e430   0x00000050   Data   RO         4924    .conststring        misc.o
    0x0803e480   0x00000059   Data   RO         5004    .conststring        stm32f10x_adc.o
    0x0803e4d9   0x00000003   PAD
    0x0803e4dc   0x00000059   Data   RO         5215    .conststring        stm32f10x_bkp.o
    0x0803e535   0x00000003   PAD
    0x0803e538   0x00000059   Data   RO         5758    .conststring        stm32f10x_dma.o
    0x0803e591   0x00000003   PAD
    0x0803e594   0x0000005a   Data   RO         5840    .conststring        stm32f10x_exti.o
    0x0803e5ee   0x00000002   PAD
    0x0803e5f0   0x0000005b   Data   RO         5927    .conststring        stm32f10x_flash.o
    0x0803e64b   0x00000001   PAD
    0x0803e64c   0x0000005a   Data   RO         6237    .conststring        stm32f10x_gpio.o
    0x0803e6a6   0x00000002   PAD
    0x0803e6a8   0x00000059   Data   RO         6627    .conststring        stm32f10x_pwr.o
    0x0803e701   0x00000003   PAD
    0x0803e704   0x00000059   Data   RO         6723    .conststring        stm32f10x_rcc.o
    0x0803e75d   0x00000003   PAD
    0x0803e760   0x00000059   Data   RO         6918    .conststring        stm32f10x_rtc.o
    0x0803e7b9   0x00000003   PAD
    0x0803e7bc   0x00000059   Data   RO         7229    .conststring        stm32f10x_spi.o
    0x0803e815   0x00000003   PAD
    0x0803e818   0x00000059   Data   RO         7454    .conststring        stm32f10x_tim.o
    0x0803e871   0x00000003   PAD
    0x0803e874   0x0000005b   Data   RO         7953    .conststring        stm32f10x_usart.o
    0x0803e8cf   0x00000001   PAD
    0x0803e8d0   0x00000068   Data   RO         4843    .rodata             rtx_lib.o
    0x0803e938   0x0000000b   Data   RO         8289    .rodata.str1.4      RTX_CM3.lib(rtx_kernel.o)
    0x0803e943   0x00000001   PAD
    0x0803e944   0x00000020   Data   RO         9245    Region$$Table       anon$$obj.o


    Execution Region RW_IRAM1 (Base: 0x20000000, Size: 0x0000f9f8, Max: 0x00010000, ABSOLUTE, COMPRESSED[0x00000158])

    Base Addr    Size         Type   Attr      Idx    E Section Name        Object

    0x20000000   0x00001040   Data   RW         4836    .bss.os             rtx_lib.o
    0x20001040   0x00000034   Data   RW         4837    .bss.os.msgqueue.cb  rtx_lib.o
    0x20001074   0x00000050   Data   RW         4838    .bss.os.msgqueue.mem  rtx_lib.o
    0x200010c4   0x00000088   Data   RW         4839    .bss.os.thread.cb   rtx_lib.o
    0x2000114c   0x00000004   PAD
    0x20001150   0x00000800   Data   RW         4840    .bss.os.thread.stack  rtx_lib.o
    0x20001950   0x00000139   Data   RW           59    .data               main.o
    0x20001a89   0x00000020   Data   RW          607    .data               ds18b20.o
    0x20001aa9   0x00000001   Data   RW          717    .data               ta6932.o
    0x20001aaa   0x00000001   Data   RW          796    .data               st_printf.o
    0x20001aab   0x00000001   PAD
    0x20001aac   0x00000071   Data   RW         1017    .data               clock_calendar.o
    0x20001b1d   0x00000003   PAD
    0x20001b20   0x00000114   Data   RW         1253    .data               stm32f10x_ip_dbg.o
    0x20001c34   0x00000028   Data   RW         1340    .data               stm32f10x_it.o
    0x20001c5c   0x00000008   Data   RW         1630    .data               st_gpio.o
    0x20001c64   0x00000006   Data   RW         1794    .data               st_adc.o
    0x20001c6a   0x00000002   PAD
    0x20001c6c   0x00000058   Data   RW         1848    .data               st_ext_spi_flash.o
    0x20001cc4   0x00000027   Data   RW         1924    .data               st_audio_product.o
    0x20001ceb   0x00000001   Data   RW         2051    .data               mod_date_time.o
    0x20001cec   0x00000001   Data   RW         2196    .data               st_flash.o
    0x20001ced   0x00000003   PAD
    0x20001cf0   0x00000004   Data   RW         2615    .data               unpack.o
    0x20001cf4   0x00000018   Data   RW         2724    .data               app4g.o
    0x20001d0c   0x00000014   Data   RW         3370    .data               cjson.o
    0x20001d20   0x00000014   Data   RW         3907    .data               cjson_middleware.o
    0x20001d34   0x00000004   Data   RW         4216    .data               mqttpacket.o
    0x20001d38   0x00000010   Data   RW         4455    .data               mqtt_app.o
    0x20001d48   0x00000004   Data   RW         4561    .data               transport.o
    0x20001d4c   0x00000005   Data   RW         4695    .data               dianchuan.o
    0x20001d51   0x00000014   Data   RW         6724    .data               stm32f10x_rcc.o
    0x20001d65   0x00000003   PAD
    0x20001d68   0x00000014   Data   RW         8195    .data               system_stm32f10x.o
    0x20001d7c   0x00000004   Data   RW         9159    .data               mc_w.l(stdout.o)
    0x20001d80   0x00000004   Data   RW         9180    .data               mc_w.l(mvars.o)
    0x20001d84   0x00000004   Data   RW         9181    .data               mc_w.l(mvars.o)
    0x20001d88   0x00000004   Data   RW         9185    .data               mc_w.l(errno.o)
    0x20001d8c   0x000000a4   Data   RW         8290    .data.os            RTX_CM3.lib(rtx_kernel.o)
    0x20001e30   0x00001ad8   Zero   RW           56    .bss                main.o
    0x20003908   0x00000064   Zero   RW          715    .bss                ta6932.o
    0x2000396c   0x00000533   Zero   RW         1339    .bss                stm32f10x_it.o
    0x20003e9f   0x0000004c   Zero   RW         1845    .bss                st_ext_spi_flash.o
    0x20003eeb   0x00000001   PAD
    0x20003eec   0x000080a8   Zero   RW         1922    .bss                st_audio_product.o
    0x2000bf94   0x00000078   Zero   RW         2106    .bss                mod_time_list.o
    0x2000c00c   0x00000012   Zero   RW         2256    .bss                stm32_eval_spi_flash.o
    0x2000c01e   0x000003cc   Zero   RW         2723    .bss                app4g.o
    0x2000c3ea   0x0000003c   Zero   RW         3118    .bss                app_rs485_broker.o
    0x2000c426   0x0000000f   Zero   RW         3369    .bss                cjson.o
    0x2000c435   0x00000003   PAD
    0x2000c438   0x00000338   Zero   RW         3905    .bss                cjson_middleware.o
    0x2000c770   0x00000b00   Zero   RW         4454    .bss                mqtt_app.o
    0x2000d270   0x00000140   Zero   RW         4693    .bss                dianchuan.o
    0x2000d3b0   0x0000002c   Zero   RW         9171    .bss                mc_w.l(localtime_w.o)
    0x2000d3dc   0x0000001a   Zero   RW         9177    .bss                mc_w.l(asctime.o)
    0x2000d3f6   0x00000001   Zero   RW         8765    .bss.PendST         RTX_CM3.lib(os_systick.o)
    0x2000d3f7   0x00000001   PAD
    0x2000d3f8   0x00002000   Zero   RW         8182    HEAP                startup_stm32f10x_hd.o
    0x2000f3f8   0x00000600   Zero   RW         8181    STACK               startup_stm32f10x_hd.o


==============================================================================

Image component sizes


      Code (inc. data)   RO Data    RW Data    ZI Data      Debug   Object Name

     16854       5636          0         24        972      47625   app4g.o
      4260       1572         26          0         60      17395   app_rs485_broker.o
      5350        224          0         20         15      35471   cjson.o
      7496       2876        128         20        824      19077   cjson_middleware.o
      1682        416         76        113          0       6814   clock_calendar.o
      5368       1960         43          5        320      21012   dianchuan.o
      1252         78          0         32          0       7362   ds18b20.o
     13162       5454        549        313       6872     372975   main.o
       320         50         80          0          0       2425   misc.o
        24         10          0          1          0       1974   mod_date_time.o
       652         62          0          0        120       6581   mod_time_list.o
       940        382          0         16       2816       7442   mqtt_app.o
       690         18          0          0          0       6729   mqttconnectclient.o
       168          0          0          0          0       1562   mqttdeserializepublish.o
       636         18          0          4          0       8978   mqttpacket.o
       324          0          0          0          0       2578   mqttserializepublish.o
       368          0          0          0          0       3087   mqttsubscribeclient.o
         0          0          0          0          0        928   ntp.o
       428        282        232          0          0        771   rtx_config.o
         0          0        204       6476          0       8499   rtx_lib.o
      1106        334        808          6          0       3276   st_adc.o
      3440       1638          0         39      32936      13590   st_audio_product.o
      1136        576         32         88         76       5362   st_ext_spi_flash.o
       102         36          0          1          0       2125   st_flash.o
      1176        272          0          8          0       7707   st_gpio.o
      6964       3086          0          1          0     259952   st_printf.o
       214         40          0          0          0       2544   st_rtc.o
        36          8        304          0       9728        812   startup_stm32f10x_hd.o
       104          6          0          0          0        551   stm3210b_eval.o
       936        138          0          0         18       6167   stm32_eval_spi_flash.o
      1584        196         89          0          0      10525   stm32f10x_adc.o
       536         36         89          0          0       4477   stm32f10x_bkp.o
      1900        146         89          0          0       7593   stm32f10x_dma.o
       440         24         90          0          0       2540   stm32f10x_exti.o
       342         48         91          0          0       3654   stm32f10x_flash.o
      1992        298         90          0          0       7749   stm32f10x_gpio.o
       932        480          0        276          0       4144   stm32f10x_ip_dbg.o
      5748       1182          0         40       1331      25808   stm32f10x_it.o
        36         10         89          0          0        590   stm32f10x_pwr.o
      1064        150         89         20          0      11529   stm32f10x_rcc.o
       352         58         89          0          0       5139   stm32f10x_rtc.o
       668         86         89          0          0       4534   stm32f10x_spi.o
      3418        654         89          0          0       9962   stm32f10x_tim.o
      1780        230         91          0          0       8582   stm32f10x_usart.o
       492         50          0         20          0       2893   system_stm32f10x.o
      1280         54         18          1        100       5713   ta6932.o
      5844       2342         98          4          0      13631   transport.o
      1464        636         71          4          0       5156   unpack.o

    ----------------------------------------------------------------------
    105118      31852       3816       7548      56192    1015590   Object Totals
         0          0         32          0          0          0   (incl. Generated)
        58          0         41         16          4          0   (incl. Padding)

    ----------------------------------------------------------------------

      Code (inc. data)   RO Data    RW Data    ZI Data      Debug   Library Member Name

       148         10          0          0          0        484   irq_cm3.o
       182         48          0          0          1       3092   os_systick.o
        56          4          0          0          0       2837   rtx_delay.o
       802         32          0          0          0      13233   rtx_evflags.o
      1082        116         11        164          0      17153   rtx_kernel.o
       260          0          0          0          0       2439   rtx_memory.o
       946         32          0          0          0      15974   rtx_mempool.o
      1672         48          0          0          0      18500   rtx_msgqueue.o
       320         16          0          0          0       9376   rtx_mutex.o
       334         20          0          0          0      10780   rtx_semaphore.o
       368         26          0          0          0       5321   rtx_system.o
      1662        104          0          0          0      32263   rtx_thread.o
       228         20          0          0          0      10209   rtx_timer.o
        28          0          0          0          0         80   strtod.o
        56          8          0          0          0         84   __0sscanf.o
        86          0          0          0          0          0   __dczerorl2.o
        28          0          0          0          0         68   _chval.o
       812          4          0          0          0        112   _scanf.o
        64          0          0          0          0         84   _sgetc.o
       158          0          0          0          0         92   _strtoul.o
       188         16         57          0         26         88   asctime.o
        26          0          0          0          0         80   atoi.o
        14          0          0          0          0         80   ctime.o
         8          4        133          0          0         68   ctype_o.o
         0          0          0          0          0          0   entry.o
         0          0          0          0          0          0   entry10a.o
         0          0          0          0          0          0   entry11a.o
         8          4          0          0          0          0   entry2.o
         4          0          0          0          0          0   entry5.o
         0          0          0          0          0          0   entry7b.o
         0          0          0          0          0          0   entry8b.o
         8          4          0          0          0          0   entry9a.o
         8          4          0          4          0         68   errno.o
        30          0          0          0          0          0   handlers.o
        36          8          0          0          0         68   init.o
        18          0          0          0          0         76   isspace_o.o
         0          0          0          0          0          0   iusefp.o
        30          0          0          0          0         68   llshl.o
        36          0          0          0          0         68   llsshr.o
        32          0          0          0          0         68   llushr.o
       140          6         12          0          0         76   localtime_i.o
        12          6          0          0         44         68   localtime_w.o
       360         30          0          0          0        356   mallocr.o
        26          0          0          0          0         80   memcmp.o
        36          0          0          0          0         68   memcpya.o
        36          0          0          0          0        108   memseta.o
       168         18         12          0          0         80   mktime.o
         0          0          0          8          0          0   mvars.o
      2374        106          0          0          0        828   printfa.o
        40          8          0          0          0         84   scanf_char.o
       838         12          0          0          0        216   scanf_fp.o
         0          0          0          4          0          0   stdout.o
        20          0          0          0          0         68   strchr.o
        28          0          0          0          0         76   strcmp.o
        18          0          0          0          0         68   strcpy.o
        14          0          0          0          0         68   strlen.o
        30          0          0          0          0         80   strncmp.o
        32          0          0          0          0         68   strrchr.o
        36          0          0          0          0         80   strstr.o
       156         14          0          0          0        120   strtod.o
       112          0          0          0          0         88   strtol.o
        12          0          0          0          0         68   tolower.o
        44          0          0          0          0         80   uidiv.o
        98          0          0          0          0         92   uldiv.o
        48          0          0          0          0         68   cdcmple.o
        48          0          0          0          0         68   cdrcmple.o
        20          0          0          0          0         68   cfrcmple.o
        56          0          0          0          0         88   d2f.o
       334          0          0          0          0        148   dadd.o
       222          0          0          0          0        100   ddiv.o
       186          0          0          0          0        176   depilogue.o
        62          0          0          0          0         80   dfixi.o
        50          0          0          0          0         76   dfixui.o
        48          0          0          0          0         68   dfixul.o
        34          0          0          0          0         76   dflti.o
        26          0          0          0          0         76   dfltui.o
        24          0          0          0          0         76   dfltul.o
       228          0          0          0          0         96   dmul.o
        38          0          0          0          0         68   f2d.o
       124          0          0          0          0         88   fdiv.o
       110          0          0          0          0        168   fepilogue.o
        50          0          0          0          0         68   ffixi.o
        18          0          0          0          0         68   fflti.o
        10          0          0          0          0         68   ffltui.o

    ----------------------------------------------------------------------
     16122        728        228        180         72     147625   Library Totals
        18          0          3          0          1          0   (incl. Padding)

    ----------------------------------------------------------------------

      Code (inc. data)   RO Data    RW Data    ZI Data      Debug   Library Name

      8060        476         11        164          1     141661   RTX_CM3.lib
        28          0          0          0          0         80   m_ws.l
      6280        252        214         16         70       4092   mc_w.l
      1736          0          0          0          0       1792   mf_w.l

    ----------------------------------------------------------------------
     16122        728        228        180         72     147625   Library Totals

    ----------------------------------------------------------------------

==============================================================================


      Code (inc. data)   RO Data    RW Data    ZI Data      Debug   

    121240      32580       4044       7728      56264    1133943   Grand Totals
    121240      32580       4044        344      56264    1133943   ELF Image Totals (compressed)
    121240      32580       4044        344          0          0   ROM Totals

==============================================================================

    Total RO  Size (Code + RO Data)               125284 ( 122.35kB)
    Total RW  Size (RW Data + ZI Data)             63992 (  62.49kB)
    Total ROM Size (Code + RO Data + RW Data)     125628 ( 122.68kB)

==============================================================================

