<html>
<body>
<pre>
<h1>µVision Build Log</h1>
<h2>Tool Versions:</h2>
IDE-Version: ¦ÌVision V5.18.0.0
Copyright (C) 2016 ARM Ltd and ARM Germany GmbH. All rights reserved.
License Information: qin Microsoft, Microsoft, LIC=IC9X7-EDQXL-KTM3H-W2L5J-7IGFV-MI51Z
 
Tool Versions:
Toolchain:       MDK-ARM Professional  Version: 5.18
Toolchain Path:  C:\Keil_v5\ARM\ARMCC\Bin
C Compiler:      Armcc.exe V5.06 update 1 (build 61)
Assembler:       Armasm.exe V5.06 update 1 (build 61)
Linker/Locator:  ArmLink.exe V5.06 update 1 (build 61)
Library Manager: ArmAr.exe V5.06 update 1 (build 61)
Hex Converter:   FromElf.exe V5.06 update 1 (build 61)
CPU DLL:         SARMCM3.DLL V5.18
Dialog DLL:      DCM.DLL V1.13.6.0
Target DLL:      STLink\ST-LINKIII-KEIL_SWO.dll V2.0.18.0
Dialog DLL:      TCM.DLL V1.14.8.0
 
<h2>Project:</h2>
E:\ÕÂÓã³äµç\Ë¢¿¨³äµç×®\Ë¢¿¨µ÷ÊÔ20200226\JDKeyboard\USER\stm32_c8t6.uvprojx
Project File Date:  03/05/2020

<h2>Output:</h2>
*** Using Compiler 'V5.06 update 1 (build 61)', folder: 'C:\Keil_v5\ARM\ARMCC\Bin'
Build target 'stm32_c8t6'
compiling delay.c...
linking...
Program Size: Code=7064 RO-data=268 RW-data=108 ZI-data=1700  
After Build - User command #2: fromelf --bin .\Objects\stm32_c8t6.axf --output ./JDKeyboard.bin
".\Objects\stm32_c8t6.axf" - 0 Error(s), 0 Warning(s).

<h2>Collection of Component include folders:</h2>
  E:\ÕÂÓã³äµç\Ë¢¿¨³äµç×®\Ë¢¿¨µ÷ÊÔ20200226\JDKeyboard\USER\RTE
  C:\Keil_v5\ARM\PACK\Keil\STM32F1xx_DFP\2.0.0\Device\Include

<h2>Collection of Component Files used:</h2>
Build Time Elapsed:  00:00:02
</pre>
</body>
</html>
